{
  "mode": "semantic",
  "trials_requested": 6,
  "spawn_failures": 0,
  "stale_instance_frames": 3,
  "warmup_frames_config": 30,
  "gap_sec": 2.0,
  "launch_params": "gui:=false use_rviz:=false use_semantic:=true use_motion:=true use_vacuum:=true visual_kind:=mesh size_mode:=catalog sequence_ids:=carryon,standard,large xy_jitter_range:=0.12,0.12 yaw_range:=-0.6,0.6 observe_pose_name:=pickup_observe (worktree /tmp/pfr10_g2_int @ 1ebc387, dirty=0)",
  "revision": {
    "git_commit": "034a1de768cfa8a3d18f4e0e6e68829c85dcdc42",
    "git_dirty_files": 0
  },
  "active_output_hz": 21.410426998911344,
  "trial_cycle_hz": 0.1454869056961862,
  "trial_cycle_sec_mean": 6.873470813162082,
  "matrix_coverage": {
    "sizes": [
      [
        0.55,
        0.4,
        0.25
      ],
      [
        0.7,
        0.45,
        0.28
      ],
      [
        0.8,
        0.5,
        0.32
      ]
    ],
    "n_sizes": 3,
    "trials_per_size": {
      "0.55x0.4x0.25": 2,
      "0.7x0.45x0.28": 2,
      "0.8x0.5x0.32": 2
    },
    "xy_offsets": [
      [
        -1.1,
        -0.09
      ],
      [
        -1.04,
        0.02
      ],
      [
        -1.03,
        0.05
      ],
      [
        -0.96,
        -0.06
      ],
      [
        -0.92,
        0.04
      ],
      [
        -0.89,
        -0.01
      ]
    ],
    "n_xy_offsets": 6,
    "yaw_deg": [
      -17.0,
      -12.0,
      -7.0,
      20.0,
      27.0
    ],
    "n_yaws": 5,
    "n_trials": 6
  },
  "n_settled": 177,
  "categories": {
    "warmup_frames": 180,
    "settled_frames": 177,
    "top_only": 0,
    "full3d": 171,
    "prior": 6,
    "failed": 0
  },
  "top_surface_rate": 1.0,
  "full3d_rate": 0.9661016949152542,
  "top_z_err_m": {
    "count": 177,
    "p50": 0.0034326689634163188,
    "p95": 0.011048945499495533,
    "max": 0.011048945499495533
  },
  "support_z_err_m": {
    "count": 171,
    "p50": 1.0852556023399629e-05,
    "p95": 2.089491077628125e-05,
    "max": 2.089491077628125e-05
  },
  "height_err_m": {
    "count": 171,
    "p50": 0.0034266923087347134,
    "p95": 0.011028050588719251,
    "max": 0.011028050588719251
  },
  "xy_err_m": {
    "count": 177,
    "p50": 0.005528992350976678,
    "p95": 0.008613171782425844,
    "max": 0.008613171782425844
  },
  "width_err_m": {
    "count": 177,
    "p50": 0.0017183211758016181,
    "p95": 0.03196196950869534,
    "max": 0.03196196950869534
  },
  "depth_err_m": {
    "count": 177,
    "p50": 0.003581101229790995,
    "p95": 0.04268671413569036,
    "max": 0.04268671413569036
  },
  "false_measured_height": 0,
  "limits": {
    "top_surface_rate": 0.95,
    "full3d_rate": 0.95,
    "top_z_p95_m": 0.015,
    "top_z_max_m": 0.025,
    "support_z_p95_m": 0.015,
    "support_z_max_m": 0.025,
    "height_p95_m": 0.025,
    "height_max_m": 0.04,
    "xy_p95_m": 0.03,
    "width_depth_p95_m": 0.05,
    "false_measured_height": 0
  },
  "require_full_geometry": true,
  "gate4_failures": [],
  "gate4_pass": true,
  "coverage_failures": []
}
