[INFO] [launch]: All log files can be found below /home/adamliao/.ros/log/2026-09-10-20-42-20-824290-adamliao-X870-EAGLE-WIFI7-1465659
[INFO] [launch]: Default logging verbosity is set to INFO
[INFO] [ign gazebo-1]: process started with pid [1465684]
[INFO] [parameter_bridge-2]: process started with pid [1465686]
[INFO] [parameter_bridge-3]: process started with pid [1465689]
[INFO] [depth_image_republisher.py-4]: process started with pid [1465691]
[INFO] [sensor_preprocessor_node.py-5]: process started with pid [1465693]
[INFO] [parameter_bridge-6]: process started with pid [1465695]
[INFO] [pickup_box_spawner_node.py-7]: process started with pid [1465697]
[INFO] [scene_viz_node.py-8]: process started with pid [1465699]
[INFO] [luggage_detector_node.py-9]: process started with pid [1465701]
[INFO] [semantic_segmenter_node.py-10]: process started with pid [1465703]
[INFO] [semantic_point_filter_node.py-11]: process started with pid [1465705]
[INFO] [scene_manager_node.py-12]: process started with pid [1465707]
[INFO] [waypoint_generator_node.py-13]: process started with pid [1465709]
[INFO] [motion_planner_node.py-14]: process started with pid [1465711]
[INFO] [vacuum_controller_node.py-15]: process started with pid [1465713]
[INFO] [container_tf_publisher-16]: process started with pid [1465715]
[INFO] [robot_state_publisher-17]: process started with pid [1465717]
[INFO] [create-18]: process started with pid [1465719]
[INFO] [create-19]: process started with pid [1465721]
[INFO] [create-20]: process started with pid [1465723]
[INFO] [spawner-21]: process started with pid [1465725]
[parameter_bridge-3] [INFO] [1789044141.835470660] [camera_bridge]: Creating GZ->ROS Bridge: [/d435/image (gz.msgs.Image) -> /d435/image (sensor_msgs/msg/Image)] (Lazy 0)
[parameter_bridge-2] [INFO] [1789044141.838909664] [clock_bridge]: Creating GZ->ROS Bridge: [/clock (gz.msgs.Clock) -> /clock (rosgraph_msgs/msg/Clock)] (Lazy 0)
[parameter_bridge-3] [INFO] [1789044141.839742629] [camera_bridge]: Creating GZ->ROS Bridge: [/d435/depth_image (gz.msgs.Image) -> /d435/depth_image (sensor_msgs/msg/Image)] (Lazy 0)
[parameter_bridge-3] [INFO] [1789044141.840106588] [camera_bridge]: Creating GZ->ROS Bridge: [/d435/camera_info (gz.msgs.CameraInfo) -> /d435/camera_info (sensor_msgs/msg/CameraInfo)] (Lazy 0)
[parameter_bridge-3] [INFO] [1789044141.840987063] [camera_bridge]: Creating GZ->ROS Bridge: [/d435/points (gz.msgs.PointCloudPacked) -> /d435/points (sensor_msgs/msg/PointCloud2)] (Lazy 0)
[parameter_bridge-3] [INFO] [1789044141.841516864] [camera_bridge]: Creating GZ->ROS Bridge: [/livox/scan/points (gz.msgs.PointCloudPacked) -> /livox/scan/points (sensor_msgs/msg/PointCloud2)] (Lazy 0)
[robot_state_publisher-17] [INFO] [1789044141.842549818] [robot_state_publisher]: got segment camera_color_frame
[robot_state_publisher-17] [INFO] [1789044141.842616133] [robot_state_publisher]: got segment camera_color_optical_frame
[robot_state_publisher-17] [INFO] [1789044141.842620552] [robot_state_publisher]: got segment camera_depth_frame
[robot_state_publisher-17] [INFO] [1789044141.842623437] [robot_state_publisher]: got segment camera_depth_optical_frame
[robot_state_publisher-17] [INFO] [1789044141.842626052] [robot_state_publisher]: got segment camera_link
[robot_state_publisher-17] [INFO] [1789044141.842628537] [robot_state_publisher]: got segment d555_link
[robot_state_publisher-17] [INFO] [1789044141.842630981] [robot_state_publisher]: got segment eef_mount_adapter
[robot_state_publisher-17] [INFO] [1789044141.842633446] [robot_state_publisher]: got segment elfin_base
[robot_state_publisher-17] [INFO] [1789044141.842635761] [robot_state_publisher]: got segment elfin_base_link
[robot_state_publisher-17] [INFO] [1789044141.842638456] [robot_state_publisher]: got segment elfin_dummy_gripper
[robot_state_publisher-17] [INFO] [1789044141.842640790] [robot_state_publisher]: got segment elfin_end_link
[robot_state_publisher-17] [INFO] [1789044141.842643345] [robot_state_publisher]: got segment elfin_link1
[robot_state_publisher-17] [INFO] [1789044141.842646040] [robot_state_publisher]: got segment elfin_link2
[robot_state_publisher-17] [INFO] [1789044141.842648334] [robot_state_publisher]: got segment elfin_link3
[robot_state_publisher-17] [INFO] [1789044141.842650739] [robot_state_publisher]: got segment elfin_link4
[robot_state_publisher-17] [INFO] [1789044141.842653073] [robot_state_publisher]: got segment elfin_link5
[robot_state_publisher-17] [INFO] [1789044141.842655368] [robot_state_publisher]: got segment elfin_link6
[robot_state_publisher-17] [INFO] [1789044141.842657953] [robot_state_publisher]: got segment livox_frame
[robot_state_publisher-17] [INFO] [1789044141.842660157] [robot_state_publisher]: got segment livox_imu_frame
[robot_state_publisher-17] [INFO] [1789044141.842662441] [robot_state_publisher]: got segment mid360_mount_frame
[robot_state_publisher-17] [INFO] [1789044141.842664705] [robot_state_publisher]: got segment suction_contact_frame
[robot_state_publisher-17] [INFO] [1789044141.842667000] [robot_state_publisher]: got segment suction_panel
[robot_state_publisher-17] [INFO] [1789044141.842669585] [robot_state_publisher]: got segment world
[semantic_point_filter_node.py-11] [WARN] [1789044142.049265933] [rcl.logging_rosout]: Publisher already registered for provided node name. If this is due to multiple nodes with the same name then all logs for that logger name will go out over the existing publisher. As soon as any node with that name is destructed it will unregister the publisher, preventing any further logs for that name from being published on the rosout topic.
[pickup_box_spawner_node.py-7] [INFO] [1789044142.075193696] [pickup_box_spawner]: pickup_box_spawner ready (visual_kind=mesh size_mode=catalog)
[semantic_point_filter_node.py-11] [INFO] [1789044142.077404847] [semantic_point_filter]: semantic_point_filter ready (extrinsics=identity, cargo_labels=[2])
[container_tf_publisher-16] [INFO] [1789044142.116282620] [container_tf_publisher]: Static TF from /home/adamliao/work/elfin_humble_ws/install/luggage_description/share/luggage_description/config/scene_tf.yaml.example (5 transforms): world->pedestal_link, world->pickup_platform_link, pickup_platform_link->pickup_platform_top, world->container_link, container_link->container_opening_frame
[container_tf_publisher-16] [INFO] [1789044142.116505211] [container_tf_publisher]: task ROI (this node only): center=[-0.0, -1.5, 0.41] dims=[1.49, 1.97, 1.48] yaw=-1.5708 opening=[-0.27, -0.755, 0.44] aperture=1.326x1.412
[spawner-21] [INFO] [1789044142.120810933] [spawner_joint_state_broadcaster]: waiting for service /controller_manager/list_controllers to become available...
[sensor_preprocessor_node.py-5] [INFO] [1789044142.121342008] [sensor_preprocessor]: sensor_preprocessor ready (depth-primary): frame=camera_depth_optical_frame pair_tolerance=0.005s wait_deadline=0.060s maxlen=15/1.0s
[luggage_detector_node.py-9] [INFO] [1789044142.122726706] [luggage_detector]: luggage_detector subscribing to /luggage/semantic/cargo_points
[luggage_detector_node.py-9] [INFO] [1789044142.124672085] [luggage_detector]: luggage_detector ready (platform-free, semantic=True, support_mode=auto, platform_z=omitted, retries=4 period=0.25s suitcase_wait=0.0s)
[scene_viz_node.py-8] [INFO] [1789044142.132414106] [scene_viz]: scene_viz ready (container=airport_container_real)
[scene_manager_node.py-12] [INFO] [1789044142.165956058] [scene_manager]: scene_manager ready
[waypoint_generator_node.py-13] [WARN] [1789044142.166786338] [rcl.logging_rosout]: Publisher already registered for provided node name. If this is due to multiple nodes with the same name then all logs for that logger name will go out over the existing publisher. As soon as any node with that name is destructed it will unregister the publisher, preventing any further logs for that name from being published on the rosout topic.
[vacuum_controller_node.py-15] [WARN] [1789044142.179230161] [rcl.logging_rosout]: Publisher already registered for provided node name. If this is due to multiple nodes with the same name then all logs for that logger name will go out over the existing publisher. As soon as any node with that name is destructed it will unregister the publisher, preventing any further logs for that name from being published on the rosout topic.
[waypoint_generator_node.py-13] [INFO] [1789044142.181957419] [waypoint_generator]: waypoint_generator ready (clearances {'pre_grasp': 0.3, 'approach': 0.25, 'attach': 0.0, 'pick_retreat': 0.35, 'pre_grasp_min': 0.2, 'approach_min': 0.08}, place_slot_frame=elfin_base_link)
[vacuum_controller_node.py-15] [INFO] [1789044142.209265902] [vacuum_controller]: vacuum_controller ready (backend=sim, panel=suction_contact_frame)
[vacuum_controller_node.py-15] [INFO] [1789044142.210059423] [vacuum_controller]: current_box cleared
[motion_planner_node.py-14] [INFO] [1789044142.232788326] [motion_planner]: motion_planner up (move_group probed on first PlanMotion)
[create-19] [INFO] [1789044142.323069449] [ros_gz_sim]: Requested creation of entity.
[create-19] [INFO] [1789044142.323153137] [ros_gz_sim]: OK creation of entity.
[create-20] [INFO] [1789044142.423223121] [ros_gz_sim]: Requested creation of entity.
[create-20] [INFO] [1789044142.423347687] [ros_gz_sim]: OK creation of entity.
[INFO] [create-19]: process has finished cleanly [pid 1465721]
[create-18] [INFO] [1789044142.523311721] [ros_gz_sim]: Requested creation of entity.
[create-18] [INFO] [1789044142.523436727] [ros_gz_sim]: OK creation of entity.
[INFO] [create-20]: process has finished cleanly [pid 1465723]
[INFO] [create-18]: process has finished cleanly [pid 1465719]
[INFO] [create-22]: process started with pid [1466291]
[create-22] [INFO] [1789044142.852017794] [ros_gz_sim]: Requested creation of entity.
[create-22] [INFO] [1789044142.852104127] [ros_gz_sim]: OK creation of entity.
[INFO] [create-22]: process has finished cleanly [pid 1466291]
[ign gazebo-1] [INFO] [1789044144.079964018] [GazeboSimROS2ControlPlugin]: robot_param_node is robot_state_publisher
[ign gazebo-1] [INFO] [1789044144.079998093] [GazeboSimROS2ControlPlugin]: robot_param_node is robot_description
[semantic_segmenter_node.py-10] [INFO] [1789044144.688167024] [semantic_segmenter]: suction-panel mask 12517 px source=urdf_chain
[semantic_segmenter_node.py-10] [INFO] [1789044144.688356532] [semantic_segmenter]: semantic_segmenter ready (backend=bbox_fill:yolov8s-world.pt, prompts=8, self_body=urdf_chain, temporal_window=5)
[ign gazebo-1] [ERROR] [1789044144.931418301] [gz_ros2_control]: robot_state_publisher service not available, waiting again...
[ign gazebo-1] [INFO] [1789044145.089053699] [gz_ros2_control]: connected to service!! robot_state_publisher asking for robot_description
[ign gazebo-1] [INFO] [1789044145.090164670] [gz_ros2_control]: Received URDF from param server
[ign gazebo-1] [INFO] [1789044145.090735740] [gz_ros2_control]: [gz_ros2_control] Fixed joint ['world_base'] (Entity='89') is skipped.
[ign gazebo-1] [INFO] [1789044145.092576440] [gz_ros2_control]: The position_proportional_gain has been set to: 0.1
[ign gazebo-1] [INFO] [1789044145.092603732] [gz_ros2_control]: Loading joint: elfin_joint1
[ign gazebo-1] [INFO] [1789044145.092608130] [gz_ros2_control]: 	State:
[ign gazebo-1] [INFO] [1789044145.092611457] [gz_ros2_control]: 		 position
[ign gazebo-1] [INFO] [1789044145.092617739] [gz_ros2_control]: 			 found initial value: 1.880600
[ign gazebo-1] [INFO] [1789044145.092622167] [gz_ros2_control]: 		 velocity
[ign gazebo-1] [INFO] [1789044145.092625183] [gz_ros2_control]: 	Command:
[ign gazebo-1] [INFO] [1789044145.092628960] [gz_ros2_control]: 		 position
[ign gazebo-1] [INFO] [1789044145.092638408] [gz_ros2_control]: Loading joint: elfin_joint2
[ign gazebo-1] [INFO] [1789044145.092641153] [gz_ros2_control]: 	State:
[ign gazebo-1] [INFO] [1789044145.092643958] [gz_ros2_control]: 		 position
[ign gazebo-1] [INFO] [1789044145.092645922] [gz_ros2_control]: 			 found initial value: -1.773600
[ign gazebo-1] [INFO] [1789044145.092648457] [gz_ros2_control]: 		 velocity
[ign gazebo-1] [INFO] [1789044145.092650671] [gz_ros2_control]: 	Command:
[ign gazebo-1] [INFO] [1789044145.092652534] [gz_ros2_control]: 		 position
[ign gazebo-1] [INFO] [1789044145.092657143] [gz_ros2_control]: Loading joint: elfin_joint3
[ign gazebo-1] [INFO] [1789044145.092659327] [gz_ros2_control]: 	State:
[ign gazebo-1] [INFO] [1789044145.092661040] [gz_ros2_control]: 		 position
[ign gazebo-1] [INFO] [1789044145.092663094] [gz_ros2_control]: 			 found initial value: -1.049100
[ign gazebo-1] [INFO] [1789044145.092665098] [gz_ros2_control]: 		 velocity
[ign gazebo-1] [INFO] [1789044145.092667012] [gz_ros2_control]: 	Command:
[ign gazebo-1] [INFO] [1789044145.092668805] [gz_ros2_control]: 		 position
[ign gazebo-1] [INFO] [1789044145.092672923] [gz_ros2_control]: Loading joint: elfin_joint4
[ign gazebo-1] [INFO] [1789044145.092675077] [gz_ros2_control]: 	State:
[ign gazebo-1] [INFO] [1789044145.092677381] [gz_ros2_control]: 		 position
[ign gazebo-1] [INFO] [1789044145.092679445] [gz_ros2_control]: 			 found initial value: 4.443900
[ign gazebo-1] [INFO] [1789044145.092681599] [gz_ros2_control]: 		 velocity
[ign gazebo-1] [INFO] [1789044145.092683633] [gz_ros2_control]: 	Command:
[ign gazebo-1] [INFO] [1789044145.092685276] [gz_ros2_control]: 		 position
[ign gazebo-1] [INFO] [1789044145.092688552] [gz_ros2_control]: Loading joint: elfin_joint5
[ign gazebo-1] [INFO] [1789044145.092690586] [gz_ros2_control]: 	State:
[ign gazebo-1] [INFO] [1789044145.092692179] [gz_ros2_control]: 		 position
[ign gazebo-1] [INFO] [1789044145.092694283] [gz_ros2_control]: 			 found initial value: 1.772100
[ign gazebo-1] [INFO] [1789044145.092696277] [gz_ros2_control]: 		 velocity
[ign gazebo-1] [INFO] [1789044145.092697870] [gz_ros2_control]: 	Command:
[ign gazebo-1] [INFO] [1789044145.092699523] [gz_ros2_control]: 		 position
[ign gazebo-1] [INFO] [1789044145.092703060] [gz_ros2_control]: Loading joint: elfin_joint6
[ign gazebo-1] [INFO] [1789044145.092704913] [gz_ros2_control]: 	State:
[ign gazebo-1] [INFO] [1789044145.092706757] [gz_ros2_control]: 		 position
[ign gazebo-1] [INFO] [1789044145.092708320] [gz_ros2_control]: 			 found initial value: 1.847300
[ign gazebo-1] [INFO] [1789044145.092710103] [gz_ros2_control]: 		 velocity
[ign gazebo-1] [INFO] [1789044145.092711606] [gz_ros2_control]: 	Command:
[ign gazebo-1] [INFO] [1789044145.092713179] [gz_ros2_control]: 		 position
[ign gazebo-1] [INFO] [1789044145.092755249] [resource_manager]: Initialize hardware 'ElfinSystem' 
[ign gazebo-1] [INFO] [1789044145.092788191] [resource_manager]: Successful initialization of hardware 'ElfinSystem'
[ign gazebo-1] [INFO] [1789044145.092807628] [resource_manager]: 'configure' hardware 'ElfinSystem' 
[ign gazebo-1] [INFO] [1789044145.092809361] [gz_ros2_control]: System Successfully configured!
[ign gazebo-1] [INFO] [1789044145.092814330] [resource_manager]: Successful 'configure' of hardware 'ElfinSystem'
[ign gazebo-1] [INFO] [1789044145.092817647] [resource_manager]: 'activate' hardware 'ElfinSystem' 
[ign gazebo-1] [INFO] [1789044145.092820302] [resource_manager]: Successful 'activate' of hardware 'ElfinSystem'
[ign gazebo-1] [INFO] [1789044145.092822606] [gz_ros2_control]: Loading controller_manager
[ign gazebo-1] [INFO] [1789044145.126667912] [controller_manager]: Loading controller 'joint_state_broadcaster'
[spawner-21] [INFO] [1789044145.131863748] [spawner_joint_state_broadcaster]: [94mLoaded [1mjoint_state_broadcaster[0m
[ign gazebo-1] [INFO] [1789044145.132499500] [controller_manager]: Configuring controller 'joint_state_broadcaster'
[ign gazebo-1] [INFO] [1789044145.132567258] [joint_state_broadcaster]: 'joints' or 'interfaces' parameter is empty. All available state interfaces will be published
[ign gazebo-1] [1;32m[Msg] [0m[1;32mIgnition Gazebo Server v[0m[1;32m6.18.0[0m[1;32m[0m
[ign gazebo-1] [1;32m[Msg] [0m[1;32mLoading SDF world file[[0m[1;32m/home/adamliao/work/elfin_humble_ws/install/luggage_gazebo/share/luggage_gazebo/worlds/airport_loading.sdf[0m[1;32m].[0m
[ign gazebo-1] [1;32m[Msg] [0m[1;32mServing entity system service on [[0m[1;32m/[0m[1;32mentity/system/add[0m[1;32m][0m[1;32m[0m
[ign gazebo-1] [1;32m[Msg] [0m[1;32mCreate service on [[0m[1;32m/world/airport_loading/create[0m[1;32m][0m[1;32m[0m
[ign gazebo-1] [1;32m[Msg] [0m[1;32mRemove service on [[0m[1;32m/world/airport_loading/remove[0m[1;32m][0m[1;32m[0m
[ign gazebo-1] [1;32m[Msg] [0m[1;32mPose service on [[0m[1;32m/world/airport_loading/set_pose[0m[1;32m][0m[1;32m[0m
[ign gazebo-1] [1;32m[Msg] [0m[1;32mPose service on [[0m[1;32m/world/airport_loading/set_pose_vector[0m[1;32m][0m[1;32m[0m
[ign gazebo-1] [1;32m[Msg] [0m[1;32mLight configuration service on [[0m[1;32m/world/airport_loading/light_config[0m[1;32m][0m[1;32m[0m
[ign gazebo-1] [1;32m[Msg] [0m[1;32mPhysics service on [[0m[1;32m/world/airport_loading/set_physics[0m[1;32m][0m[1;32m[0m
[ign gazebo-1] [1;32m[Msg] [0m[1;32mSphericalCoordinates service on [[0m[1;32m/world/airport_loading/set_spherical_coordinates[0m[1;32m][0m[1;32m[0m
[ign gazebo-1] [1;32m[Msg] [0m[1;32mEnable collision service on [[0m[1;32m/world/airport_loading/enable_collision[0m[1;32m][0m[1;32m[0m
[ign gazebo-1] [1;32m[Msg] [0m[1;32mDisable collision service on [[0m[1;32m/world/airport_loading/disable_collision[0m[1;32m][0m[1;32m[0m
[ign gazebo-1] [1;32m[Msg] [0m[1;32mMaterial service on [[0m[1;32m/world/airport_loading/visual_config[0m[1;32m][0m[1;32m[0m
[ign gazebo-1] [1;32m[Msg] [0m[1;32mMaterial service on [[0m[1;32m/world/airport_loading/wheel_slip[0m[1;32m][0m[1;32m[0m
[ign gazebo-1] [1;32m[Msg] [0m[1;32mLoaded level [[0m[1;32m3[0m[1;32m][0m[1;32m[0m
[ign gazebo-1] [1;32m[Msg] [0m[1;32mServing world controls on [[0m[1;32m/world/airport_loading[0m[1;32m/control], [[0m[1;32m/world/airport_loading[0m[1;32m/control/state] and [[0m[1;32m/world/airport_loading[0m[1;32m/playback/control][0m[1;32m[0m
[ign gazebo-1] [1;32m[Msg] [0m[1;32mServing GUI information on [[0m[1;32m/world/airport_loading[0m[1;32m/[0m[1;32mgui/info[0m[1;32m][0m[1;32m[0m
[ign gazebo-1] [1;32m[Msg] [0m[1;32mWorld [[0m[1;32mairport_loading[0m[1;32m] initialized with [[0m[1;32m1ms[0m[1;32m] physics profile.[0m[1;32m[0m
[ign gazebo-1] [1;32m[Msg] [0m[1;32mServing world SDF generation service on [[0m[1;32m/world/airport_loading[0m[1;32m/[0m[1;32mgenerate_world_sdf[0m[1;32m][0m[1;32m[0m
[ign gazebo-1] [1;32m[Msg] [0m[1;32mServing world names on [[0m[1;32m/gazebo/worlds[0m[1;32m][0m[1;32m[0m
[ign gazebo-1] [1;32m[Msg] [0m[1;32mResource path add service on [[0m[1;32m/gazebo/resource_paths/add[0m[1;32m].[0m[1;32m[0m
[ign gazebo-1] [1;32m[Msg] [0m[1;32mResource path get service on [[0m[1;32m/gazebo/resource_paths/get[0m[1;32m].[0m[1;32m[0m
[ign gazebo-1] [1;32m[Msg] [0m[1;32mResource path resolve service on [[0m[1;32m/gazebo/resource_paths/resolve[0m[1;32m].[0m[1;32m[0m
[ign gazebo-1] [1;32m[Msg] [0m[1;32mResource paths published on [[0m[1;32m/gazebo/resource_paths[0m[1;32m].[0m[1;32m[0m
[ign gazebo-1] [1;32m[Msg] [0m[1;32mServer control service on [[0m[1;32m/server_control[0m[1;32m].[0m[1;32m[0m
[ign gazebo-1] [1;32m[Msg] [0m[1;32mFound no publishers on /stats, adding root stats topic[0m[1;32m[0m
[ign gazebo-1] [1;32m[Msg] [0m[1;32mFound no publishers on /clock, adding root clock topic[0m[1;32m[0m
[ign gazebo-1] [1;32m[Msg] [0m[1;32mLoading plugin [[0m[1;32mignition-rendering-ogre2[0m[1;32m][0m[1;32m[0m
[ign gazebo-1] [1;32m[Msg] [0m[1;32mServing scene information on [[0m[1;32m/world/airport_loading[0m[1;32m/[0m[1;32mscene/info[0m[1;32m][0m[1;32m[0m
[ign gazebo-1] [1;32m[Msg] [0m[1;32mServing graph information on [[0m[1;32m/world/airport_loading[0m[1;32m/[0m[1;32mscene/graph[0m[1;32m][0m[1;32m[0m
[ign gazebo-1] [1;32m[Msg] [0m[1;32mServing full state on [[0m[1;32m/world/airport_loading[0m[1;32m/[0m[1;32mstate[0m[1;32m][0m[1;32m[0m
[ign gazebo-1] [1;32m[Msg] [0m[1;32mServing full state (async) on [[0m[1;32m/world/airport_loading[0m[1;32m/[0m[1;32mstate_async[0m[1;32m][0m[1;32m[0m
[ign gazebo-1] [WARN] [1789044145.263376554] [gz_ros2_control]:  Desired controller update period (0.01 s) is slower than the gazebo simulation period (0.001 s).
[ign gazebo-1] libEGL warning: egl: failed to create dri2 screen
[ign gazebo-1] libEGL warning: egl: failed to create dri2 screen
[spawner-21] [INFO] [1789044145.754289891] [spawner_joint_state_broadcaster]: [92mConfigured and activated [1mjoint_state_broadcaster[0m
[semantic_segmenter_node.py-10] [INFO] [1789044145.793514579] [semantic_segmenter]: suction-panel mask 12517 px source=tf
[INFO] [spawner-21]: process has finished cleanly [pid 1465725]
[INFO] [spawner-23]: process started with pid [1466547]
[ign gazebo-1] [WARN] [1789044146.494221741] [controller_manager.rclcpp]: failed to send response to /controller_manager/list_controllers (timeout): client will not receive response, at ./src/rmw_response.cpp:154, at ./src/rcl/service.c:314
[ign gazebo-1] [1;32m[Msg] [0m[1;32mPublishing scene information on [[0m[1;32m/world/airport_loading/scene/info[0m[1;32m][0m[1;32m[0m
[ign gazebo-1] [1;32m[Msg] [0m[1;32mPublishing entity deletions on [[0m[1;32m/world/airport_loading/scene/deletion[0m[1;32m][0m[1;32m[0m
[ign gazebo-1] [1;32m[Msg] [0m[1;32mPublishing state changes on [[0m[1;32m/world/airport_loading/state[0m[1;32m][0m[1;32m[0m
[ign gazebo-1] [1;32m[Msg] [0m[1;32mPublishing pose messages on [[0m[1;32m/world/airport_loading[0m[1;32m/[0m[1;32mpose/info[0m[1;32m][0m[1;32m[0m
[ign gazebo-1] [1;32m[Msg] [0m[1;32mPublishing dynamic pose messages on [[0m[1;32m/world/airport_loading[0m[1;32m/[0m[1;32mdynamic_pose/info[0m[1;32m][0m[1;32m[0m
[spawner-23] [WARN] [1789044156.402319671] [spawner_elfin_arm_controller]: Failed getting a result from calling /controller_manager/list_controllers in 10.0. (Attempt 1 of 3.)
[ign gazebo-1] [INFO] [1789044156.403897164] [controller_manager]: Loading controller 'elfin_arm_controller'
[ign gazebo-1] [WARN] [1789044156.412868590] [elfin_arm_controller]: [Deprecated]: "allow_nonzero_velocity_at_trajectory_end" is set to true. The default behavior will change to false.
[spawner-23] [INFO] [1789044156.415251737] [spawner_elfin_arm_controller]: [94mLoaded [1melfin_arm_controller[0m
[ign gazebo-1] [INFO] [1789044156.416085333] [controller_manager]: Configuring controller 'elfin_arm_controller'
[ign gazebo-1] [INFO] [1789044156.416202354] [elfin_arm_controller]: No specific joint names are used for command interfaces. Using 'joints' parameter.
[ign gazebo-1] [INFO] [1789044156.416215149] [elfin_arm_controller]: Command interfaces are [position] and state interfaces are [position velocity].
[ign gazebo-1] [INFO] [1789044156.416230848] [elfin_arm_controller]: Using 'splines' interpolation method.
[ign gazebo-1] [INFO] [1789044156.416876439] [elfin_arm_controller]: Controller state will be published at 50.00 Hz.
[ign gazebo-1] [INFO] [1789044156.417815746] [elfin_arm_controller]: Action status changes will be monitored at 20.00 Hz.
[spawner-23] [INFO] [1789044156.444967282] [spawner_elfin_arm_controller]: [92mConfigured and activated [1melfin_arm_controller[0m
[INFO] [spawner-23]: process has finished cleanly [pid 1466547]
[INFO] [observe_pose_hold.py-24]: process started with pid [1466646]
[INFO] [move_group-25]: process started with pid [1466648]
[move_group-25] [INFO] [1789044156.638525234] [moveit_rdf_loader.rdf_loader]: Loaded robot model in 0 seconds
[move_group-25] [INFO] [1789044156.638587331] [moveit_robot_model.robot_model]: Loading robot model 'S20'...
[move_group-25] [INFO] [1789044156.638593142] [moveit_robot_model.robot_model]: No root/virtual joint specified in SRDF. Assuming fixed joint
[move_group-25] [WARN] [1789044156.769606705] [moveit_robot_model.robot_model]: Link mid360_mount_frame has visual geometry but no collision geometry. Collision geometry will be left empty. Fix your URDF file by explicitly specifying collision geometry.
[move_group-25] [INFO] [1789044157.113178330] [moveit_ros.planning_scene_monitor.planning_scene_monitor]: Publishing maintained planning scene on 'monitored_planning_scene'
[move_group-25] [INFO] [1789044157.113289761] [moveit.ros_planning_interface.moveit_cpp]: Listening to 'joint_states' for joint states
[move_group-25] [INFO] [1789044157.113726827] [moveit_ros.current_state_monitor]: Listening to joint states on topic 'joint_states'
[move_group-25] [INFO] [1789044157.113955640] [moveit_ros.planning_scene_monitor.planning_scene_monitor]: Listening to '/attached_collision_object' for attached collision objects
[move_group-25] [INFO] [1789044157.113964727] [moveit_ros.planning_scene_monitor.planning_scene_monitor]: Starting planning scene monitor
[move_group-25] [INFO] [1789044157.114114491] [moveit_ros.planning_scene_monitor.planning_scene_monitor]: Listening to '/planning_scene'
[move_group-25] [INFO] [1789044157.114121173] [moveit_ros.planning_scene_monitor.planning_scene_monitor]: Starting world geometry update monitor for collision objects, attached objects, octomap updates.
[move_group-25] [INFO] [1789044157.114263212] [moveit_ros.planning_scene_monitor.planning_scene_monitor]: Listening to 'collision_object'
[move_group-25] [INFO] [1789044157.114405411] [moveit_ros.planning_scene_monitor.planning_scene_monitor]: Listening to 'planning_scene_world' for planning scene world geometry
[move_group-25] [WARN] [1789044157.114646336] [moveit.ros.occupancy_map_monitor.middleware_handle]: Resolution not specified for Octomap. Assuming resolution = 0.1 instead
[move_group-25] [ERROR] [1789044157.114653780] [moveit.ros.occupancy_map_monitor.middleware_handle]: No 3D sensor plugin(s) defined for octomap updates
[ign gazebo-1] [INFO] [1789044157.129822286] [elfin_arm_controller]: Received new action goal
[ign gazebo-1] [INFO] [1789044157.129934268] [elfin_arm_controller]: Accepted new action goal
[ign gazebo-1] [INFO] [1789044157.638672403] [elfin_arm_controller]: Goal reached, success!
[observe_pose_hold.py-24] [INFO] [1789044157.758430650] [observe_pose_hold]: Held pose 'pickup_observe' error_code=0
[INFO] [observe_pose_hold.py-24]: process has finished cleanly [pid 1466646]
[move_group-25] [INFO] [1789044157.912103554] [moveit.ros_planning_interface.moveit_cpp]: Loading planning pipeline 'ompl'
[move_group-25] [INFO] [1789044157.917445456] [moveit.ros_planning.planning_pipeline]: Using planning interface 'OMPL'
[move_group-25] [INFO] [1789044157.918491274] [moveit_ros.add_time_optimal_parameterization]: Param 'ompl.path_tolerance' was not set. Using default value: 0.100000
[move_group-25] [INFO] [1789044157.918508617] [moveit_ros.add_time_optimal_parameterization]: Param 'ompl.resample_dt' was not set. Using default value: 0.100000
[move_group-25] [INFO] [1789044157.918511873] [moveit_ros.add_time_optimal_parameterization]: Param 'ompl.min_angle_change' was not set. Using default value: 0.001000
[move_group-25] [INFO] [1789044157.918527272] [moveit_ros.fix_workspace_bounds]: Param 'ompl.default_workspace_bounds' was not set. Using default value: 10.000000
[move_group-25] [INFO] [1789044157.918540968] [moveit_ros.fix_start_state_bounds]: Param 'ompl.start_state_max_bounds_error' was set to 0.100000
[move_group-25] [INFO] [1789044157.918544064] [moveit_ros.fix_start_state_bounds]: Param 'ompl.start_state_max_dt' was not set. Using default value: 0.500000
[move_group-25] [INFO] [1789044157.918551408] [moveit_ros.fix_start_state_collision]: Param 'ompl.start_state_max_dt' was not set. Using default value: 0.500000
[move_group-25] [INFO] [1789044157.918556598] [moveit_ros.fix_start_state_collision]: Param 'ompl.jiggle_fraction' was set to 0.050000
[move_group-25] [INFO] [1789044157.918560415] [moveit_ros.fix_start_state_collision]: Param 'ompl.max_sampling_attempts' was not set. Using default value: 100
[move_group-25] [INFO] [1789044157.918567999] [moveit.ros_planning.planning_pipeline]: Using planning request adapter 'Add Time Optimal Parameterization'
[move_group-25] [INFO] [1789044157.918571015] [moveit.ros_planning.planning_pipeline]: Using planning request adapter 'Resolve constraint frames to robot links'
[move_group-25] [INFO] [1789044157.918572818] [moveit.ros_planning.planning_pipeline]: Using planning request adapter 'Fix Workspace Bounds'
[move_group-25] [INFO] [1789044157.918574722] [moveit.ros_planning.planning_pipeline]: Using planning request adapter 'Fix Start State Bounds'
[move_group-25] [INFO] [1789044157.918576275] [moveit.ros_planning.planning_pipeline]: Using planning request adapter 'Fix Start State In Collision'
[move_group-25] [INFO] [1789044157.918577888] [moveit.ros_planning.planning_pipeline]: Using planning request adapter 'Fix Start State Path Constraints'
[move_group-25] [WARN] [1789044157.920815830] [rcl.logging_rosout]: Publisher already registered for provided node name. If this is due to multiple nodes with the same name then all logs for that logger name will go out over the existing publisher. As soon as any node with that name is destructed it will unregister the publisher, preventing any further logs for that name from being published on the rosout topic.
[move_group-25] [INFO] [1789044157.930443086] [moveit.plugins.moveit_simple_controller_manager]: Added FollowJointTrajectory controller for elfin_arm_controller
[move_group-25] [INFO] [1789044157.930585325] [moveit.plugins.moveit_simple_controller_manager]: Returned 1 controllers in list
[move_group-25] [INFO] [1789044157.930603941] [moveit.plugins.moveit_simple_controller_manager]: Returned 1 controllers in list
[move_group-25] [INFO] [1789044157.930924988] [moveit_ros.trajectory_execution_manager]: Trajectory execution is not managing controllers
[move_group-25] [INFO] [1789044157.930939806] [move_group.move_group]: MoveGroup debug mode is ON
[move_group-25] [INFO] [1789044157.938825619] [move_group.move_group]: 
[move_group-25] 
[move_group-25] ********************************************************
[move_group-25] * MoveGroup using: 
[move_group-25] *     - ApplyPlanningSceneService
[move_group-25] *     - ClearOctomapService
[move_group-25] *     - CartesianPathService
[move_group-25] *     - ExecuteTrajectoryAction
[move_group-25] *     - GetPlanningSceneService
[move_group-25] *     - KinematicsService
[move_group-25] *     - MoveAction
[move_group-25] *     - MotionPlanService
[move_group-25] *     - QueryPlannersService
[move_group-25] *     - StateValidationService
[move_group-25] ********************************************************
[move_group-25] 
[move_group-25] [INFO] [1789044157.938865414] [moveit_move_group_capabilities_base.move_group_context]: MoveGroup context using planning plugin ompl_interface/OMPLPlanner
[move_group-25] [INFO] [1789044157.938871536] [moveit_move_group_capabilities_base.move_group_context]: MoveGroup context initialization complete
[move_group-25] [96mLoading 'move_group/ApplyPlanningSceneService'...
[move_group-25] [0m[96mLoading 'move_group/ClearOctomapService'...
[move_group-25] [0m[96mLoading 'move_group/MoveGroupCartesianPathService'...
[move_group-25] [0m[96mLoading 'move_group/MoveGroupExecuteTrajectoryAction'...
[move_group-25] [0m[96mLoading 'move_group/MoveGroupGetPlanningSceneService'...
[move_group-25] [0m[96mLoading 'move_group/MoveGroupKinematicsService'...
[move_group-25] [0m[96mLoading 'move_group/MoveGroupMoveAction'...
[move_group-25] [0m[96mLoading 'move_group/MoveGroupPlanService'...
[move_group-25] [0m[96mLoading 'move_group/MoveGroupQueryPlannersService'...
[move_group-25] [0m[96mLoading 'move_group/MoveGroupStateValidationService'...
[move_group-25] [0m[92m
[move_group-25] You can start planning now!
[move_group-25] 
[move_group-25] [WARN] [1789044158.537292642] [moveit_planning_scene.planning_scene]: Tried to remove world object 'airport_container_real', but it does not exist in this scene.
[move_group-25] [WARN] [1789044158.572309113] [moveit_planning_scene.planning_scene]: Tried to remove world object 'robot_pedestal', but it does not exist in this scene.
[scene_manager_node.py-12] [INFO] [1789044158.574683864] [scene_manager]: auto sync_static_scene: static scene synced (airport_container_real, 8000 triangles)
[vacuum_controller_node.py-15] [INFO] [1789044168.993549737] [vacuum_controller]: current_box cleared
[pickup_box_spawner_node.py-7] [INFO] [1789044171.617712335] [pickup_box_spawner]: Spawned pickup_box_0001_carryon visual=mesh/suitcase_vintage size=0.550x0.400x0.250 gt=0.534x0.362x0.235 mass=8.00kg yaw=-0.555 rad mode=catalog
[vacuum_controller_node.py-15] [INFO] [1789044171.617971465] [vacuum_controller]: current_box model=pickup_box_0001_carryon size=0.534x0.362x0.235 gen=2
[luggage_detector_node.py-9] [INFO] [1789044171.633737090] [luggage_detector]: luggage_detector: waiting for suitcase RGB update (pickup_box_0001_carryon)
[semantic_segmenter_node.py-10] [INFO] [1789044171.672352677] [semantic_segmenter]: semantic_segmenter: epoch reset generation=2 id='pickup_box_0001_carryon'
[pickup_box_spawner_node.py-7] [INFO] [1789044180.172973958] [pickup_box_spawner]: Deleted current pickup box 'pickup_box_0001_carryon'
[vacuum_controller_node.py-15] [INFO] [1789044180.173887486] [vacuum_controller]: current_box cleared
[semantic_segmenter_node.py-10] [INFO] [1789044180.216422324] [semantic_segmenter]: semantic_segmenter: epoch reset generation=3 id=''
[pickup_box_spawner_node.py-7] [INFO] [1789044182.699934395] [pickup_box_spawner]: Spawned pickup_box_0002_standard visual=mesh/suitcase_vintage size=0.700x0.450x0.280 gt=0.682x0.409x0.264 mass=15.00kg yaw=-0.142 rad mode=catalog
[vacuum_controller_node.py-15] [INFO] [1789044182.700518841] [vacuum_controller]: current_box model=pickup_box_0002_standard size=0.682x0.409x0.264 gen=4
[luggage_detector_node.py-9] [INFO] [1789044182.724037147] [luggage_detector]: luggage_detector: waiting for suitcase RGB update (pickup_box_0002_standard)
[semantic_segmenter_node.py-10] [INFO] [1789044182.760559916] [semantic_segmenter]: semantic_segmenter: epoch reset generation=4 id='pickup_box_0002_standard'
[pickup_box_spawner_node.py-7] [INFO] [1789044191.241787120] [pickup_box_spawner]: Deleted current pickup box 'pickup_box_0002_standard'
[vacuum_controller_node.py-15] [INFO] [1789044191.242674579] [vacuum_controller]: current_box cleared
[semantic_segmenter_node.py-10] [INFO] [1789044191.326917653] [semantic_segmenter]: semantic_segmenter: epoch reset generation=5 id=''
[pickup_box_spawner_node.py-7] [INFO] [1789044193.771534188] [pickup_box_spawner]: Spawned pickup_box_0003_large visual=mesh/suitcase_vintage size=0.800x0.500x0.320 gt=0.777x0.452x0.300 mass=23.00kg yaw=0.376 rad mode=catalog
[vacuum_controller_node.py-15] [INFO] [1789044193.772049753] [vacuum_controller]: current_box model=pickup_box_0003_large size=0.777x0.452x0.300 gen=6
[luggage_detector_node.py-9] [INFO] [1789044193.791921432] [luggage_detector]: luggage_detector: waiting for suitcase RGB update (pickup_box_0003_large)
[semantic_segmenter_node.py-10] [INFO] [1789044193.829449843] [semantic_segmenter]: semantic_segmenter: epoch reset generation=6 id='pickup_box_0003_large'
[pickup_box_spawner_node.py-7] [INFO] [1789044202.297917678] [pickup_box_spawner]: Deleted current pickup box 'pickup_box_0003_large'
[vacuum_controller_node.py-15] [INFO] [1789044202.298843920] [vacuum_controller]: current_box cleared
[semantic_segmenter_node.py-10] [INFO] [1789044202.343197137] [semantic_segmenter]: semantic_segmenter: epoch reset generation=7 id=''
[pickup_box_spawner_node.py-7] [INFO] [1789044204.825339408] [pickup_box_spawner]: Spawned pickup_box_0004_carryon visual=mesh/suitcase_loafbrr size=0.550x0.400x0.250 gt=0.516x0.390x0.237 mass=8.00kg yaw=-0.296 rad mode=catalog
[vacuum_controller_node.py-15] [INFO] [1789044204.826159719] [vacuum_controller]: current_box model=pickup_box_0004_carryon size=0.516x0.390x0.237 gen=8
[luggage_detector_node.py-9] [INFO] [1789044204.843087121] [luggage_detector]: luggage_detector: waiting for suitcase RGB update (pickup_box_0004_carryon)
[semantic_segmenter_node.py-10] [INFO] [1789044204.875776100] [semantic_segmenter]: semantic_segmenter: epoch reset generation=8 id='pickup_box_0004_carryon'
[pickup_box_spawner_node.py-7] [INFO] [1789044213.343063463] [pickup_box_spawner]: Deleted current pickup box 'pickup_box_0004_carryon'
[vacuum_controller_node.py-15] [INFO] [1789044213.343819513] [vacuum_controller]: current_box cleared
[semantic_segmenter_node.py-10] [INFO] [1789044213.406938137] [semantic_segmenter]: semantic_segmenter: epoch reset generation=9 id=''
[pickup_box_spawner_node.py-7] [INFO] [1789044215.870597034] [pickup_box_spawner]: Spawned pickup_box_0005_standard visual=mesh/suitcase_vintage size=0.700x0.450x0.280 gt=0.682x0.409x0.264 mass=15.00kg yaw=-0.194 rad mode=catalog
[vacuum_controller_node.py-15] [INFO] [1789044215.871566467] [vacuum_controller]: current_box model=pickup_box_0005_standard size=0.682x0.409x0.264 gen=10
[luggage_detector_node.py-9] [INFO] [1789044215.892172776] [luggage_detector]: luggage_detector: waiting for suitcase RGB update (pickup_box_0005_standard)
[semantic_segmenter_node.py-10] [INFO] [1789044215.932541298] [semantic_segmenter]: semantic_segmenter: epoch reset generation=10 id='pickup_box_0005_standard'
[pickup_box_spawner_node.py-7] [INFO] [1789044224.424551635] [pickup_box_spawner]: Deleted current pickup box 'pickup_box_0005_standard'
[vacuum_controller_node.py-15] [INFO] [1789044224.425484760] [vacuum_controller]: current_box cleared
[semantic_segmenter_node.py-10] [INFO] [1789044224.495962421] [semantic_segmenter]: semantic_segmenter: epoch reset generation=11 id=''
[pickup_box_spawner_node.py-7] [INFO] [1789044226.986539774] [pickup_box_spawner]: Spawned pickup_box_0006_large visual=mesh/suitcase_vintage size=0.800x0.500x0.320 gt=0.777x0.452x0.300 mass=23.00kg yaw=-0.494 rad mode=catalog
[vacuum_controller_node.py-15] [INFO] [1789044226.987350297] [vacuum_controller]: current_box model=pickup_box_0006_large size=0.777x0.452x0.300 gen=12
[luggage_detector_node.py-9] [INFO] [1789044227.011941211] [luggage_detector]: luggage_detector: waiting for suitcase RGB update (pickup_box_0006_large)
[semantic_segmenter_node.py-10] [INFO] [1789044227.024945133] [semantic_segmenter]: semantic_segmenter: epoch reset generation=12 id='pickup_box_0006_large'
