{
  "mode": "semantic",
  "trials_requested": 6,
  "spawn_failures": 0,
  "stale_instance_frames": 2,
  "warmup_frames_config": 5,
  "gap_sec": 2.0,
  "launch_params": "diag arena-fix fresh sim",
  "revision": {
    "git_commit": "be208656ec8fa6000cac0bd5290119e3b011c26a",
    "git_dirty_files": 0
  },
  "active_output_hz": 23.02223225369596,
  "trial_cycle_hz": 0.14502889625843443,
  "trial_cycle_sec_mean": 6.895177621830953,
  "matrix_coverage": {
    "sizes": [
      [
        0.55,
        0.4,
        0.25
      ],
      [
        0.7,
        0.45,
        0.28
      ],
      [
        0.8,
        0.5,
        0.32
      ]
    ],
    "n_sizes": 3,
    "trials_per_size": {
      "0.55x0.4x0.25": 2,
      "0.7x0.45x0.28": 2,
      "0.8x0.5x0.32": 2
    },
    "xy_offsets": [
      [
        -1.12,
        -0.08
      ],
      [
        -1.12,
        0.11
      ],
      [
        -1.1,
        0.08
      ],
      [
        -1.0,
        0.07
      ],
      [
        -0.97,
        -0.06
      ],
      [
        -0.96,
        0.01
      ]
    ],
    "n_xy_offsets": 6,
    "yaw_deg": [
      -11.0,
      -4.0,
      13.0,
      23.0,
      27.0
    ],
    "n_yaws": 5,
    "n_trials": 6
  },
  "n_settled": 382,
  "categories": {
    "warmup_frames": 30,
    "settled_frames": 382,
    "top_only": 0,
    "full3d": 344,
    "prior": 38,
    "failed": 0
  },
  "top_surface_rate": 1.0,
  "full3d_rate": 0.900523560209424,
  "top_z_err_m": {
    "count": 382,
    "p50": 0.003422989122146447,
    "p95": 0.01106118959796265,
    "max": 0.01106118959796265
  },
  "support_z_err_m": {
    "count": 344,
    "p50": 9.434407365338515e-06,
    "p95": 1.301627469874056e-05,
    "max": 1.301627469874056e-05
  },
  "height_err_m": {
    "count": 344,
    "p50": 0.003414854354255925,
    "p95": 0.011055991598671211,
    "max": 0.011055991598671211
  },
  "xy_err_m": {
    "count": 382,
    "p50": 0.0063721931406988605,
    "p95": 0.007787902116314743,
    "max": 0.007837313304691548
  },
  "width_err_m": {
    "count": 382,
    "p50": 0.0018028954482356419,
    "p95": 0.038523052772430066,
    "max": 0.038523052772430066
  },
  "depth_err_m": {
    "count": 382,
    "p50": 0.005056174871559516,
    "p95": 0.044475999870436045,
    "max": 0.0444759998704361
  },
  "false_measured_height": 0,
  "limits": {
    "top_surface_rate": 0.95,
    "full3d_rate": 0.95,
    "top_z_p95_m": 0.015,
    "top_z_max_m": 0.025,
    "support_z_p95_m": 0.015,
    "support_z_max_m": 0.025,
    "height_p95_m": 0.025,
    "height_max_m": 0.04,
    "xy_p95_m": 0.03,
    "width_depth_p95_m": 0.05,
    "false_measured_height": 0
  },
  "require_full_geometry": true,
  "gate4_failures": [
    "full3d_rate 0.901 < 0.950"
  ],
  "gate4_pass": false,
  "coverage_failures": []
}
