Traceback (most recent call last):
  File "/tmp/pfr10_g2_int/src/luggage_perception/test/pf_r10_g6s_probe.py", line 462, in <module>
    raise SystemExit(main())
  File "/tmp/pfr10_g2_int/src/luggage_perception/test/pf_r10_g6s_probe.py", line 390, in main
    rclpy.spin_once(probe, timeout_sec=0.1)
  File "/opt/ros/humble/local/lib/python3.10/dist-packages/rclpy/__init__.py", line 208, in spin_once
    executor.spin_once(timeout_sec=timeout_sec)
  File "/opt/ros/humble/local/lib/python3.10/dist-packages/rclpy/executors.py", line 808, in spin_once
    self._spin_once_impl(timeout_sec)
  File "/opt/ros/humble/local/lib/python3.10/dist-packages/rclpy/executors.py", line 805, in _spin_once_impl
    raise handler.exception()
  File "/opt/ros/humble/local/lib/python3.10/dist-packages/rclpy/task.py", line 272, in _execute_coroutine_step
    result = coro.send(None)
  File "/opt/ros/humble/local/lib/python3.10/dist-packages/rclpy/executors.py", line 488, in handler
    await call_coroutine(entity, arg)
  File "/opt/ros/humble/local/lib/python3.10/dist-packages/rclpy/executors.py", line 407, in _execute_subscription
    await await_or_execute(sub.callback, msg)
  File "/opt/ros/humble/local/lib/python3.10/dist-packages/rclpy/executors.py", line 110, in await_or_execute
    return callback(*args)
  File "/tmp/pfr10_g2_int/src/luggage_perception/test/pf_r10_g6s_probe.py", line 182, in yolo_cb
    str(det.instance_id)))
AttributeError: 'YoloBox' object has no attribute 'instance_id'
