{
  "wall_start_utc": "2026-09-09T15:19:14.944538+00:00",
  "wall_end_utc": "2026-09-09T15:19:58.316858+00:00",
  "duration_s": 43.37229428504361,
  "active_rates_hz": {
    "frame": 22.64,
    "pre_rgb": 28.693,
    "raw_img": 24.304,
    "yolo": 29.32,
    "segmenter_stats": 0.769
  },
  "stage_delta_ms": {
    "raw_img->pre_rgb": {
      "n": 1002,
      "p50": 19.427,
      "p95": 24.017,
      "max": 37.62
    },
    "pre_rgb->frame": {
      "n": 919,
      "p50": 1066.912,
      "p95": 1854.346,
      "max": 2624.581
    },
    "raw_img->frame_e2e": {
      "n": 774,
      "p50": 1008.742,
      "p95": 1874.024,
      "max": 2644.95
    }
  },
  "stage_percentiles": {
    "filter.cargo_points_ms": {
      "n": 55,
      "p50": 73486.0,
      "p95": 92996.0,
      "max": 92996.0
    },
    "filter.depth_decode_ms_ms": {
      "n": 55,
      "p50": 0.01,
      "p95": 0.015,
      "max": 0.018
    },
    "filter.filter_ms_ms": {
      "n": 55,
      "p50": 5.181,
      "p95": 8.713,
      "max": 10.34
    },
    "filter.input_points_ms": {
      "n": 55,
      "p50": 480.0,
      "p95": 480.0,
      "max": 480.0
    },
    "filter.mask_decode_ms_ms": {
      "n": 55,
      "p50": 0.033,
      "p95": 0.055,
      "max": 0.059
    },
    "filter.obstacle_points_ms": {
      "n": 55,
      "p50": 73486.0,
      "p95": 92996.0,
      "max": 92996.0
    },
    "filter.process_total_ms_ms": {
      "n": 55,
      "p50": 32.054,
      "p95": 52.368,
      "max": 57.767
    },
    "filter.publish_ms_ms": {
      "n": 55,
      "p50": 23.373,
      "p95": 40.628,
      "max": 45.438
    },
    "filter.to_world_ms_ms": {
      "n": 55,
      "p50": 0.907,
      "p95": 1.637,
      "max": 2.032
    },
    "filter.tracker_ms_ms": {
      "n": 55,
      "p50": 2.372,
      "p95": 3.939,
      "max": 5.904
    },
    "detector.geometry_ms_ms": {
      "n": 653,
      "p50": 1357.288,
      "p95": 1752.109,
      "max": 1880.423
    },
    "detector.read_ms_ms": {
      "n": 883,
      "p50": 0.053,
      "p95": 15.328,
      "max": 27.115
    },
    "detector.tf_ms_ms": {
      "n": 344,
      "p50": 2.262,
      "p95": 5.556,
      "max": 12.797
    }
  },
  "executor_lag_sec": {
    "n": 55,
    "p50": 0.079,
    "p95": 0.119,
    "max": 0.133,
    "q1_mean": 0.07628571428571616,
    "q4_mean": 0.09442857142857061,
    "q4_mean_ok": true,
    "ratio_ok": true
  },
  "occupancy": {
    "detector.raw_buffer": {
      "peak": 15,
      "mean": 14.013238289205702,
      "n": 982,
      "configured_maxlen": 15,
      "peak_within_maxlen": true,
      "q4_mean": 14.639024390243902,
      "q4_mean_within_half": false
    },
    "prep.color_info": {
      "peak": 15,
      "mean": 15.0,
      "n": 1347
    },
    "prep.depth": {
      "peak": 15,
      "mean": 15.0,
      "n": 1347
    },
    "prep.depth_info": {
      "peak": 15,
      "mean": 15.0,
      "n": 1347
    },
    "prep.imu": {
      "peak": 0,
      "mean": 0.0,
      "n": 1347
    },
    "prep.joints": {
      "peak": 50,
      "mean": 50.0,
      "n": 1347
    },
    "prep.lidar": {
      "peak": 0,
      "mean": 0.0,
      "n": 1347
    },
    "prep.rgb": {
      "peak": 15,
      "mean": 15.0,
      "n": 1347
    },
    "prep.emit_queue": {
      "peak": 0,
      "mean": 0.0,
      "n": 1347
    },
    "filter.depth": {
      "peak": 2,
      "mean": 0.45454545454545453,
      "n": 55,
      "configured_maxlen": 15,
      "peak_within_maxlen": true,
      "q4_mean": 0.2857142857142857,
      "q4_mean_within_half": true
    },
    "filter.mask": {
      "peak": 2,
      "mean": 0.07272727272727272,
      "n": 55,
      "configured_maxlen": 15,
      "peak_within_maxlen": true,
      "q4_mean": 0.0,
      "q4_mean_within_half": true
    },
    "filter.instance": {
      "peak": 0,
      "mean": 0.0,
      "n": 55,
      "configured_maxlen": 15,
      "peak_within_maxlen": true,
      "q4_mean": 0.0,
      "q4_mean_within_half": true
    },
    "filter.exact_join_candidates": {
      "peak": 0,
      "mean": 0.0,
      "n": 55,
      "configured_maxlen": 15,
      "peak_within_maxlen": true,
      "q4_mean": 0.0,
      "q4_mean_within_half": true
    }
  },
  "rss": {
    "sensor_preprocessor": {
      "pid": 1116125,
      "n": 44,
      "rss_mib_first": 103.3984375,
      "rss_mib_last": 103.859375,
      "rss_mib_min": 101.765625,
      "rss_mib_max": 105.796875,
      "q1_mean_mib": 103.51917613636364,
      "q4_mean_mib": 103.81605113636364,
      "slope_mib_per_min": 0.3230846033791917,
      "slope_ok": true,
      "quartile_ok": true,
      "pass": true
    },
    "semantic_segmenter": {
      "pid": 1116135,
      "n": 44,
      "rss_mib_first": 1902.390625,
      "rss_mib_last": 1902.80078125,
      "rss_mib_min": 1902.390625,
      "rss_mib_max": 1902.8515625,
      "q1_mean_mib": 1902.5845170454545,
      "q4_mean_mib": 1902.8277698863637,
      "slope_mib_per_min": 0.4301364353424845,
      "slope_ok": true,
      "quartile_ok": true,
      "pass": true
    },
    "semantic_point_filter": {
      "pid": 1116137,
      "n": 44,
      "rss_mib_first": 94.39453125,
      "rss_mib_last": 97.66796875,
      "rss_mib_min": 82.03125,
      "rss_mib_max": 105.66796875,
      "q1_mean_mib": 89.97585227272727,
      "q4_mean_mib": 99.3984375,
      "slope_mib_per_min": 18.548057800701415,
      "slope_ok": false,
      "quartile_ok": true,
      "pass": false
    },
    "luggage_detector": {
      "pid": 1116133,
      "n": 44,
      "rss_mib_first": 238.88671875,
      "rss_mib_last": 249.33984375,
      "rss_mib_min": 127.7578125,
      "rss_mib_max": 265.09375,
      "q1_mean_mib": 205.9872159090909,
      "q4_mean_mib": 219.42613636363637,
      "slope_mib_per_min": 8.849673407265195,
      "slope_ok": false,
      "quartile_ok": true,
      "pass": false
    }
  },
  "maxlens": {
    "detector.raw_buffer_maxlen": 15,
    "filter.buffer_maxlen": 15
  }
}
