{
  "mode": "semantic",
  "trials_requested": 6,
  "spawn_failures": 0,
  "stale_instance_frames": 1,
  "warmup_frames_config": 5,
  "gap_sec": 2.0,
  "launch_params": "diag gc-fix verification",
  "revision": {
    "git_commit": "9379d06778dc84ca51f50cdd0d1d87a7e6de0006",
    "git_dirty_files": 0
  },
  "active_output_hz": 23.393510187496407,
  "trial_cycle_hz": 0.14524498579176012,
  "trial_cycle_sec_mean": 6.884919259338251,
  "matrix_coverage": {
    "sizes": [
      [
        0.55,
        0.4,
        0.25
      ],
      [
        0.7,
        0.45,
        0.28
      ],
      [
        0.8,
        0.5,
        0.32
      ]
    ],
    "n_sizes": 3,
    "trials_per_size": {
      "0.55x0.4x0.25": 2,
      "0.7x0.45x0.28": 2,
      "0.8x0.5x0.32": 2
    },
    "xy_offsets": [
      [
        -1.11,
        0.04
      ],
      [
        -1.09,
        0.03
      ],
      [
        -1.06,
        0.01
      ],
      [
        -0.95,
        -0.05
      ],
      [
        -0.93,
        0.08
      ],
      [
        -0.91,
        0.08
      ]
    ],
    "n_xy_offsets": 6,
    "yaw_deg": [
      -13.0,
      -10.0,
      -2.0,
      1.0,
      4.0,
      26.0
    ],
    "n_yaws": 6,
    "n_trials": 6
  },
  "n_settled": 378,
  "categories": {
    "warmup_frames": 30,
    "settled_frames": 378,
    "top_only": 0,
    "full3d": 290,
    "prior": 88,
    "failed": 0
  },
  "top_surface_rate": 1.0,
  "full3d_rate": 0.7671957671957672,
  "top_z_err_m": {
    "count": 378,
    "p50": 0.008549986397294207,
    "p95": 0.009058180705392438,
    "max": 0.009058180705392438
  },
  "support_z_err_m": {
    "count": 290,
    "p50": 1.2443440649656523e-05,
    "p95": 1.8218198766906113e-05,
    "max": 1.8218198766906113e-05
  },
  "height_err_m": {
    "count": 290,
    "p50": 0.00853754295664455,
    "p95": 0.009057608371082826,
    "max": 0.009057608371082826
  },
  "xy_err_m": {
    "count": 378,
    "p50": 0.006573415305013957,
    "p95": 0.00857115073829316,
    "max": 0.008768527232421273
  },
  "width_err_m": {
    "count": 378,
    "p50": 0.010602582740874444,
    "p95": 0.0270762195122215,
    "max": 0.0270762195122215
  },
  "depth_err_m": {
    "count": 378,
    "p50": 0.02919144306116378,
    "p95": 0.03831593548316253,
    "max": 0.03831593548316253
  },
  "false_measured_height": 0,
  "limits": {
    "top_surface_rate": 0.95,
    "full3d_rate": 0.95,
    "top_z_p95_m": 0.015,
    "top_z_max_m": 0.025,
    "support_z_p95_m": 0.015,
    "support_z_max_m": 0.025,
    "height_p95_m": 0.025,
    "height_max_m": 0.04,
    "xy_p95_m": 0.03,
    "width_depth_p95_m": 0.05,
    "false_measured_height": 0
  },
  "require_full_geometry": true,
  "gate4_failures": [
    "full3d_rate 0.767 < 0.950"
  ],
  "gate4_pass": false,
  "coverage_failures": []
}
