{
  "wall_start_utc": "2026-09-09T15:00:10.484534+00:00",
  "wall_end_utc": "2026-09-09T15:00:55.864137+00:00",
  "duration_s": 45.37958494696068,
  "active_rates_hz": {
    "raw_img": 23.744,
    "pre_rgb": 29.157,
    "yolo": 29.486,
    "frame": 23.093,
    "segmenter_stats": 0.747
  },
  "stage_delta_ms": {
    "raw_img->pre_rgb": {
      "n": 1013,
      "p50": 18.677,
      "p95": 21.772,
      "max": 32.556
    },
    "pre_rgb->frame": {
      "n": 960,
      "p50": 1168.505,
      "p95": 1823.089,
      "max": 2853.516
    },
    "raw_img->frame_e2e": {
      "n": 814,
      "p50": 1159.896,
      "p95": 1843.046,
      "max": 2871.808
    }
  },
  "stage_percentiles": {
    "filter.cargo_points_ms": {
      "n": 55,
      "p50": 67337.0,
      "p95": 102257.0,
      "max": 102257.0
    },
    "filter.depth_decode_ms_ms": {
      "n": 55,
      "p50": 0.011,
      "p95": 0.015,
      "max": 0.029
    },
    "filter.filter_ms_ms": {
      "n": 55,
      "p50": 4.811,
      "p95": 7.376,
      "max": 8.247
    },
    "filter.input_points_ms": {
      "n": 55,
      "p50": 480.0,
      "p95": 480.0,
      "max": 480.0
    },
    "filter.mask_decode_ms_ms": {
      "n": 55,
      "p50": 0.035,
      "p95": 0.05,
      "max": 0.088
    },
    "filter.obstacle_points_ms": {
      "n": 55,
      "p50": 67337.0,
      "p95": 102257.0,
      "max": 102257.0
    },
    "filter.process_total_ms_ms": {
      "n": 55,
      "p50": 19.459,
      "p95": 55.599,
      "max": 60.425
    },
    "filter.publish_ms_ms": {
      "n": 55,
      "p50": 13.576,
      "p95": 44.824,
      "max": 50.771
    },
    "filter.to_world_ms_ms": {
      "n": 55,
      "p50": 0.894,
      "p95": 1.538,
      "max": 1.8
    },
    "filter.tracker_ms_ms": {
      "n": 55,
      "p50": 1.74,
      "p95": 3.463,
      "max": 4.055
    },
    "detector.geometry_ms_ms": {
      "n": 663,
      "p50": 1360.157,
      "p95": 1694.015,
      "max": 1830.13
    },
    "detector.read_ms_ms": {
      "n": 923,
      "p50": 0.057,
      "p95": 15.43,
      "max": 43.966
    },
    "detector.tf_ms_ms": {
      "n": 382,
      "p50": 2.224,
      "p95": 6.203,
      "max": 10.195
    }
  },
  "executor_lag_sec": {
    "n": 55,
    "p50": 0.077,
    "p95": 0.123,
    "max": 0.138,
    "q1_mean": 0.0728571428571446,
    "q4_mean": 0.0808461538461529,
    "q4_mean_ok": true,
    "ratio_ok": true
  },
  "occupancy": {
    "prep.color_info": {
      "peak": 15,
      "mean": 15.0,
      "n": 1349
    },
    "prep.depth": {
      "peak": 15,
      "mean": 15.0,
      "n": 1349
    },
    "prep.depth_info": {
      "peak": 15,
      "mean": 15.0,
      "n": 1349
    },
    "prep.imu": {
      "peak": 0,
      "mean": 0.0,
      "n": 1349
    },
    "prep.joints": {
      "peak": 50,
      "mean": 50.0,
      "n": 1349
    },
    "prep.lidar": {
      "peak": 0,
      "mean": 0.0,
      "n": 1349
    },
    "prep.rgb": {
      "peak": 15,
      "mean": 15.0,
      "n": 1349
    },
    "prep.emit_queue": {
      "peak": 0,
      "mean": 0.0,
      "n": 1349
    },
    "detector.raw_buffer": {
      "peak": 15,
      "mean": 14.068793619142573,
      "n": 1003,
      "configured_maxlen": 15,
      "peak_within_maxlen": true,
      "q4_mean": 14.222727272727273,
      "q4_mean_within_half": false
    },
    "filter.depth": {
      "peak": 2,
      "mean": 0.4727272727272727,
      "n": 55,
      "configured_maxlen": 15,
      "peak_within_maxlen": true,
      "q4_mean": 0.3076923076923077,
      "q4_mean_within_half": true
    },
    "filter.mask": {
      "peak": 1,
      "mean": 0.09090909090909091,
      "n": 55,
      "configured_maxlen": 15,
      "peak_within_maxlen": true,
      "q4_mean": 0.07692307692307693,
      "q4_mean_within_half": true
    },
    "filter.instance": {
      "peak": 0,
      "mean": 0.0,
      "n": 55,
      "configured_maxlen": 15,
      "peak_within_maxlen": true,
      "q4_mean": 0.0,
      "q4_mean_within_half": true
    },
    "filter.exact_join_candidates": {
      "peak": 0,
      "mean": 0.0,
      "n": 55,
      "configured_maxlen": 15,
      "peak_within_maxlen": true,
      "q4_mean": 0.0,
      "q4_mean_within_half": true
    }
  },
  "rss": {
    "sensor_preprocessor": {
      "pid": 1106355,
      "n": 46,
      "rss_mib_first": 107.69921875,
      "rss_mib_last": 108.05078125,
      "rss_mib_min": 105.30859375,
      "rss_mib_max": 110.0078125,
      "q1_mean_mib": 107.94954427083333,
      "q4_mean_mib": 107.93326822916667,
      "slope_mib_per_min": 0.026919400653485175,
      "slope_ok": true,
      "quartile_ok": true,
      "pass": true
    },
    "semantic_segmenter": {
      "pid": 1106365,
      "n": 46,
      "rss_mib_first": 1950.30078125,
      "rss_mib_last": 1950.703125,
      "rss_mib_min": 1950.30078125,
      "rss_mib_max": 1950.74609375,
      "q1_mean_mib": 1950.5231119791667,
      "q4_mean_mib": 1950.7278645833333,
      "slope_mib_per_min": 0.36514139698634424,
      "slope_ok": true,
      "quartile_ok": true,
      "pass": true
    },
    "semantic_point_filter": {
      "pid": 1106367,
      "n": 46,
      "rss_mib_first": 118.15234375,
      "rss_mib_last": 121.07421875,
      "rss_mib_min": 83.65234375,
      "rss_mib_max": 121.07421875,
      "q1_mean_mib": 100.93196614583333,
      "q4_mean_mib": 102.93196614583333,
      "slope_mib_per_min": -0.676970967232649,
      "slope_ok": true,
      "quartile_ok": true,
      "pass": true
    },
    "luggage_detector": {
      "pid": 1106363,
      "n": 46,
      "rss_mib_first": 257.890625,
      "rss_mib_last": 271.2265625,
      "rss_mib_min": 122.265625,
      "rss_mib_max": 281.984375,
      "q1_mean_mib": 222.13053385416666,
      "q4_mean_mib": 200.33138020833334,
      "slope_mib_per_min": -45.48235566601521,
      "slope_ok": true,
      "quartile_ok": true,
      "pass": true
    }
  },
  "maxlens": {
    "detector.raw_buffer_maxlen": 15,
    "filter.buffer_maxlen": 15
  }
}
