{
  "mode": "semantic",
  "trials_requested": 6,
  "spawn_failures": 0,
  "stale_instance_frames": 2,
  "warmup_frames_config": 30,
  "gap_sec": 2.0,
  "launch_params": "gui:=false use_rviz:=false use_semantic:=true use_motion:=true use_vacuum:=true visual_kind:=mesh size_mode:=catalog sequence_ids:=carryon,standard,large xy_jitter_range:=0.12,0.12 yaw_range:=-0.6,0.6 observe_pose_name:=pickup_observe (worktree /tmp/pfr10_g3 @ 60ad37e, dirty=0)",
  "revision": {
    "git_commit": "60ad37ef215e01e3ff4ff08a72bc5bd78726c56a",
    "git_dirty_files": 0
  },
  "active_output_hz": 19.420411201041965,
  "trial_cycle_hz": 0.08731635522815846,
  "trial_cycle_sec_mean": 11.452608132657284,
  "matrix_coverage": {
    "sizes": [
      [
        0.55,
        0.4,
        0.25
      ],
      [
        0.7,
        0.45,
        0.28
      ],
      [
        0.8,
        0.5,
        0.32
      ]
    ],
    "n_sizes": 3,
    "trials_per_size": {
      "0.55x0.4x0.25": 2,
      "0.7x0.45x0.28": 2,
      "0.8x0.5x0.32": 2
    },
    "xy_offsets": [
      [
        -1.12,
        -0.02
      ],
      [
        -1.06,
        -0.04
      ],
      [
        -1.04,
        0.09
      ],
      [
        -1.0,
        -0.0
      ],
      [
        -1.0,
        0.04
      ],
      [
        -0.98,
        -0.07
      ]
    ],
    "n_xy_offsets": 6,
    "yaw_deg": [
      -8.0,
      -6.0,
      -3.0,
      1.0,
      21.0,
      32.0
    ],
    "n_yaws": 6,
    "n_trials": 6
  },
  "trial_recoveries": [
    {
      "trial": 0,
      "spawn_ok": true,
      "n_settled": 112,
      "t_first_valid_sec": 0.42242696008179337,
      "t_first_full3d_sec": 2.36815007799305
    },
    {
      "trial": 1,
      "spawn_ok": true,
      "n_settled": 113,
      "t_first_valid_sec": 0.25100050203036517,
      "t_first_full3d_sec": 1.107773552997969
    },
    {
      "trial": 2,
      "spawn_ok": true,
      "n_settled": 57,
      "t_first_valid_sec": 0.38325686508324,
      "t_first_full3d_sec": 0.6257676720852032
    },
    {
      "trial": 3,
      "spawn_ok": true,
      "n_settled": 122,
      "t_first_valid_sec": 0.3738843009341508,
      "t_first_full3d_sec": 1.232873703003861
    },
    {
      "trial": 4,
      "spawn_ok": true,
      "n_settled": 181,
      "t_first_valid_sec": null,
      "t_first_full3d_sec": null
    },
    {
      "trial": 5,
      "spawn_ok": true,
      "n_settled": 74,
      "t_first_valid_sec": 0.35768853197805583,
      "t_first_full3d_sec": 0.71631253301166
    }
  ],
  "n_settled": 659,
  "categories": {
    "warmup_frames": 180,
    "settled_frames": 659,
    "top_only": 0,
    "full3d": 460,
    "prior": 18,
    "failed": 181
  },
  "top_surface_rate": 0.7253414264036419,
  "full3d_rate": 0.9623430962343096,
  "top_z_err_m": {
    "count": 478,
    "p50": 0.003584036359568943,
    "p95": 0.011062114975876058,
    "max": 0.011062114975876058
  },
  "support_z_err_m": {
    "count": 460,
    "p50": 9.80376502646152e-06,
    "p95": 1.1344274086777517e-05,
    "max": 1.1344274086777517e-05
  },
  "height_err_m": {
    "count": 460,
    "p50": 0.003573929559005262,
    "p95": 0.011065874808796838,
    "max": 0.011065874808796838
  },
  "xy_err_m": {
    "count": 478,
    "p50": 0.00684472710797082,
    "p95": 0.014504861467046859,
    "max": 0.014504861467047304
  },
  "width_err_m": {
    "count": 478,
    "p50": 0.004038759666975422,
    "p95": 0.06344901215220711,
    "max": 0.06344901215220722
  },
  "depth_err_m": {
    "count": 478,
    "p50": 0.00601140878716272,
    "p95": 0.04636257057280141,
    "max": 0.04636257057280152
  },
  "false_measured_height": 0,
  "limits": {
    "top_surface_rate": 0.95,
    "full3d_rate": 0.95,
    "top_z_p95_m": 0.015,
    "top_z_max_m": 0.025,
    "support_z_p95_m": 0.015,
    "support_z_max_m": 0.025,
    "height_p95_m": 0.025,
    "height_max_m": 0.04,
    "xy_p95_m": 0.03,
    "width_depth_p95_m": 0.05,
    "false_measured_height": 0
  },
  "require_full_geometry": true,
  "gate4_failures": [
    "top_surface_rate 0.725 < 0.950",
    "width_err_m p95 0.0634 > 0.0500",
    "failed 181 > 0",
    "trial 0 t_first_full3d 2.36815007799305 > 1.4 s",
    "trial 4 t_first_valid None > 1.4 s",
    "trial 4 t_first_full3d None > 1.4 s"
  ],
  "gate4_pass": false,
  "coverage_failures": []
}
