{
  "wall_start_utc": "2026-09-09T15:26:55.333009+00:00",
  "wall_end_utc": "2026-09-09T15:27:42.307019+00:00",
  "duration_s": 46.97399339999538,
  "active_rates_hz": {
    "yolo": 29.19,
    "frame": 21.785,
    "pre_rgb": 28.59,
    "segmenter_stats": 0.795,
    "raw_img": 25.148
  },
  "stage_delta_ms": {
    "raw_img->pre_rgb": {
      "n": 1077,
      "p50": 19.507,
      "p95": 24.486,
      "max": 39.778
    },
    "pre_rgb->frame": {
      "n": 958,
      "p50": 793.005,
      "p95": 1869.999,
      "max": 3560.239
    },
    "raw_img->frame_e2e": {
      "n": 801,
      "p50": 693.434,
      "p95": 1873.465,
      "max": 2243.72
    }
  },
  "stage_percentiles": {
    "filter.cargo_points_ms": {
      "n": 58,
      "p50": 71065.0,
      "p95": 101894.0,
      "max": 102134.0
    },
    "filter.depth_decode_ms_ms": {
      "n": 58,
      "p50": 0.012,
      "p95": 0.017,
      "max": 0.055
    },
    "filter.filter_ms_ms": {
      "n": 58,
      "p50": 9.231,
      "p95": 13.724,
      "max": 14.924
    },
    "filter.input_points_ms": {
      "n": 58,
      "p50": 480.0,
      "p95": 480.0,
      "max": 480.0
    },
    "filter.mask_decode_ms_ms": {
      "n": 58,
      "p50": 0.036,
      "p95": 0.055,
      "max": 0.058
    },
    "filter.obstacle_points_ms": {
      "n": 58,
      "p50": 71065.0,
      "p95": 101894.0,
      "max": 102134.0
    },
    "filter.process_total_ms_ms": {
      "n": 58,
      "p50": 37.961,
      "p95": 65.554,
      "max": 72.701
    },
    "filter.publish_ms_ms": {
      "n": 58,
      "p50": 24.695,
      "p95": 47.127,
      "max": 51.98
    },
    "filter.to_world_ms_ms": {
      "n": 58,
      "p50": 1.229,
      "p95": 1.943,
      "max": 2.244
    },
    "filter.tracker_ms_ms": {
      "n": 58,
      "p50": 2.667,
      "p95": 4.278,
      "max": 4.596
    },
    "detector.geometry_ms_ms": {
      "n": 600,
      "p50": 1308.061,
      "p95": 1831.758,
      "max": 1991.226
    },
    "detector.read_ms_ms": {
      "n": 933,
      "p50": 0.048,
      "p95": 14.729,
      "max": 23.557
    },
    "detector.tf_ms_ms": {
      "n": 337,
      "p50": 2.378,
      "p95": 5.987,
      "max": 12.908
    }
  },
  "executor_lag_sec": {
    "n": 58,
    "p50": 0.086,
    "p95": 0.125,
    "max": 0.15,
    "q1_mean": 0.09186666666666762,
    "q4_mean": 0.08279999999999935,
    "q4_mean_ok": true,
    "ratio_ok": true
  },
  "occupancy": {
    "prep.color_info": {
      "peak": 15,
      "mean": 15.0,
      "n": 1454
    },
    "prep.depth": {
      "peak": 15,
      "mean": 15.0,
      "n": 1454
    },
    "prep.depth_info": {
      "peak": 15,
      "mean": 15.0,
      "n": 1454
    },
    "prep.imu": {
      "peak": 0,
      "mean": 0.0,
      "n": 1454
    },
    "prep.joints": {
      "peak": 50,
      "mean": 50.0,
      "n": 1454
    },
    "prep.lidar": {
      "peak": 0,
      "mean": 0.0,
      "n": 1454
    },
    "prep.rgb": {
      "peak": 15,
      "mean": 15.0,
      "n": 1454
    },
    "prep.emit_queue": {
      "peak": 0,
      "mean": 0.0,
      "n": 1454
    },
    "detector.raw_buffer": {
      "peak": 15,
      "mean": 14.128305582761998,
      "n": 1021,
      "configured_maxlen": 15,
      "peak_within_maxlen": true,
      "q4_mean": 14.47887323943662,
      "q4_mean_within_half": false
    },
    "filter.depth": {
      "peak": 2,
      "mean": 0.41379310344827586,
      "n": 58,
      "configured_maxlen": 15,
      "peak_within_maxlen": true,
      "q4_mean": 0.26666666666666666,
      "q4_mean_within_half": true
    },
    "filter.mask": {
      "peak": 2,
      "mean": 0.08620689655172414,
      "n": 58,
      "configured_maxlen": 15,
      "peak_within_maxlen": true,
      "q4_mean": 0.06666666666666667,
      "q4_mean_within_half": true
    },
    "filter.instance": {
      "peak": 0,
      "mean": 0.0,
      "n": 58,
      "configured_maxlen": 15,
      "peak_within_maxlen": true,
      "q4_mean": 0.0,
      "q4_mean_within_half": true
    },
    "filter.exact_join_candidates": {
      "peak": 0,
      "mean": 0.0,
      "n": 58,
      "configured_maxlen": 15,
      "peak_within_maxlen": true,
      "q4_mean": 0.0,
      "q4_mean_within_half": true
    }
  },
  "rss": {
    "sensor_preprocessor": {
      "pid": 1119581,
      "n": 47,
      "rss_mib_first": 104.1953125,
      "rss_mib_last": 104.609375,
      "rss_mib_min": 101.81640625,
      "rss_mib_max": 106.99609375,
      "q1_mean_mib": 103.70084635416667,
      "q4_mean_mib": 103.94140625,
      "slope_mib_per_min": -0.02754382420223043,
      "slope_ok": true,
      "quartile_ok": true,
      "pass": true
    },
    "semantic_segmenter": {
      "pid": 1119591,
      "n": 47,
      "rss_mib_first": 1899.36328125,
      "rss_mib_last": 1899.78515625,
      "rss_mib_min": 1899.36328125,
      "rss_mib_max": 1899.78515625,
      "q1_mean_mib": 1899.5305989583333,
      "q4_mean_mib": 1899.751953125,
      "slope_mib_per_min": 0.38542391379756863,
      "slope_ok": true,
      "quartile_ok": true,
      "pass": true
    },
    "semantic_point_filter": {
      "pid": 1119593,
      "n": 47,
      "rss_mib_first": 85.9296875,
      "rss_mib_last": 83.765625,
      "rss_mib_min": 73.22265625,
      "rss_mib_max": 91.66796875,
      "q1_mean_mib": 80.62890625,
      "q4_mean_mib": 82.19173177083333,
      "slope_mib_per_min": 1.1627707097150004,
      "slope_ok": true,
      "quartile_ok": true,
      "pass": true
    },
    "luggage_detector": {
      "pid": 1119589,
      "n": 47,
      "rss_mib_first": 221.2421875,
      "rss_mib_last": 214.17578125,
      "rss_mib_min": 112.921875,
      "rss_mib_max": 221.2421875,
      "q1_mean_mib": 174.779296875,
      "q4_mean_mib": 168.54166666666666,
      "slope_mib_per_min": -10.216418665996486,
      "slope_ok": true,
      "quartile_ok": true,
      "pass": true
    }
  },
  "maxlens": {
    "detector.raw_buffer_maxlen": 15,
    "filter.buffer_maxlen": 15
  }
}
