{
  "mode": "semantic",
  "trials_requested": 6,
  "spawn_failures": 0,
  "stale_instance_frames": 3,
  "warmup_frames_config": 30,
  "gap_sec": 2.0,
  "launch_params": "gui:=false use_rviz:=false use_semantic:=true use_motion:=true use_vacuum:=true visual_kind:=mesh size_mode:=catalog sequence_ids:=carryon,standard,large xy_jitter_range:=0.12,0.12 yaw_range:=-0.6,0.6 observe_pose_name:=pickup_observe (worktree /tmp/pfr10_g2_int @ 1ebc387, dirty=0)",
  "revision": {
    "git_commit": "8f1a6c1c15c48aea90deb304c6339f3080446c0b",
    "git_dirty_files": 0
  },
  "active_output_hz": 19.70329160871581,
  "trial_cycle_hz": 0.13377279437123962,
  "trial_cycle_sec_mean": 7.475361523994555,
  "matrix_coverage": {
    "sizes": [
      [
        0.55,
        0.4,
        0.25
      ],
      [
        0.7,
        0.45,
        0.28
      ],
      [
        0.8,
        0.5,
        0.32
      ]
    ],
    "n_sizes": 3,
    "trials_per_size": {
      "0.55x0.4x0.25": 2,
      "0.7x0.45x0.28": 2,
      "0.8x0.5x0.32": 2
    },
    "xy_offsets": [
      [
        -1.07,
        -0.08
      ],
      [
        -1.04,
        -0.08
      ],
      [
        -1.01,
        0.02
      ],
      [
        -0.95,
        0.08
      ],
      [
        -0.93,
        0.04
      ],
      [
        -0.91,
        -0.05
      ]
    ],
    "n_xy_offsets": 6,
    "yaw_deg": [
      -21.0,
      -20.0,
      -12.0,
      6.0,
      11.0,
      25.0
    ],
    "n_yaws": 6,
    "n_trials": 6
  },
  "n_settled": 163,
  "categories": {
    "warmup_frames": 180,
    "settled_frames": 163,
    "top_only": 0,
    "full3d": 160,
    "prior": 3,
    "failed": 0
  },
  "top_surface_rate": 1.0,
  "full3d_rate": 0.9815950920245399,
  "top_z_err_m": {
    "count": 163,
    "p50": 0.003417668236296967,
    "p95": 0.011061267819902021,
    "max": 0.011061267819902021
  },
  "support_z_err_m": {
    "count": 160,
    "p50": 1.1210623078627968e-05,
    "p95": 1.8709916445702746e-05,
    "max": 1.8709916445702746e-05
  },
  "height_err_m": {
    "count": 160,
    "p50": 0.003406457613218339,
    "p95": 0.011056243861421233,
    "max": 0.011056243861421233
  },
  "xy_err_m": {
    "count": 163,
    "p50": 0.0061442943845485265,
    "p95": 0.006771194691323435,
    "max": 0.007480466104088815
  },
  "width_err_m": {
    "count": 163,
    "p50": 0.0009123433398068315,
    "p95": 0.03249363586466403,
    "max": 0.03249363586466403
  },
  "depth_err_m": {
    "count": 163,
    "p50": 0.0033023769778713907,
    "p95": 0.04189677379392476,
    "max": 0.04189677379392476
  },
  "false_measured_height": 0,
  "limits": {
    "top_surface_rate": 0.95,
    "full3d_rate": 0.95,
    "top_z_p95_m": 0.015,
    "top_z_max_m": 0.025,
    "support_z_p95_m": 0.015,
    "support_z_max_m": 0.025,
    "height_p95_m": 0.025,
    "height_max_m": 0.04,
    "xy_p95_m": 0.03,
    "width_depth_p95_m": 0.05,
    "false_measured_height": 0
  },
  "require_full_geometry": true,
  "gate4_failures": [],
  "gate4_pass": true,
  "coverage_failures": []
}
