{
  "wall_start_utc": "2026-09-09T15:03:47.801841+00:00",
  "wall_end_utc": "2026-09-09T15:04:30.465152+00:00",
  "duration_s": 42.66329144197516,
  "active_rates_hz": {
    "yolo": 29.158,
    "frame": 22.464,
    "pre_rgb": 28.869,
    "raw_img": 23.343,
    "segmenter_stats": 0.784
  },
  "stage_delta_ms": {
    "raw_img->pre_rgb": {
      "n": 951,
      "p50": 19.372,
      "p95": 22.605,
      "max": 51.778
    },
    "pre_rgb->frame": {
      "n": 900,
      "p50": 1132.171,
      "p95": 1851.966,
      "max": 2736.909
    },
    "raw_img->frame_e2e": {
      "n": 720,
      "p50": 1071.344,
      "p95": 1845.537,
      "max": 2757.757
    }
  },
  "stage_percentiles": {
    "filter.cargo_points_ms": {
      "n": 54,
      "p50": 69325.0,
      "p95": 85112.0,
      "max": 85191.0
    },
    "filter.depth_decode_ms_ms": {
      "n": 54,
      "p50": 0.011,
      "p95": 0.015,
      "max": 0.021
    },
    "filter.filter_ms_ms": {
      "n": 54,
      "p50": 5.299,
      "p95": 8.58,
      "max": 9.378
    },
    "filter.input_points_ms": {
      "n": 54,
      "p50": 480.0,
      "p95": 480.0,
      "max": 480.0
    },
    "filter.mask_decode_ms_ms": {
      "n": 54,
      "p50": 0.037,
      "p95": 0.057,
      "max": 0.07
    },
    "filter.obstacle_points_ms": {
      "n": 54,
      "p50": 69325.0,
      "p95": 85112.0,
      "max": 85191.0
    },
    "filter.process_total_ms_ms": {
      "n": 54,
      "p50": 26.961,
      "p95": 48.574,
      "max": 50.652
    },
    "filter.publish_ms_ms": {
      "n": 54,
      "p50": 18.797,
      "p95": 37.452,
      "max": 38.958
    },
    "filter.to_world_ms_ms": {
      "n": 54,
      "p50": 0.892,
      "p95": 1.759,
      "max": 2.178
    },
    "filter.tracker_ms_ms": {
      "n": 54,
      "p50": 2.141,
      "p95": 3.516,
      "max": 5.641
    },
    "detector.geometry_ms_ms": {
      "n": 635,
      "p50": 1362.848,
      "p95": 1723.824,
      "max": 1913.808
    },
    "detector.read_ms_ms": {
      "n": 874,
      "p50": 0.062,
      "p95": 15.189,
      "max": 27.407
    },
    "detector.tf_ms_ms": {
      "n": 363,
      "p50": 2.3,
      "p95": 5.352,
      "max": 8.774
    }
  },
  "executor_lag_sec": {
    "n": 54,
    "p50": 0.082,
    "p95": 0.13,
    "max": 0.145,
    "q1_mean": 0.07350000000000076,
    "q4_mean": 0.09146153846153901,
    "q4_mean_ok": true,
    "ratio_ok": true
  },
  "occupancy": {
    "prep.color_info": {
      "peak": 15,
      "mean": 15.0,
      "n": 1317
    },
    "prep.depth": {
      "peak": 15,
      "mean": 15.0,
      "n": 1317
    },
    "prep.depth_info": {
      "peak": 15,
      "mean": 15.0,
      "n": 1317
    },
    "prep.imu": {
      "peak": 0,
      "mean": 0.0,
      "n": 1317
    },
    "prep.joints": {
      "peak": 50,
      "mean": 50.0,
      "n": 1317
    },
    "prep.lidar": {
      "peak": 0,
      "mean": 0.0,
      "n": 1317
    },
    "prep.rgb": {
      "peak": 15,
      "mean": 15.0,
      "n": 1317
    },
    "prep.emit_queue": {
      "peak": 0,
      "mean": 0.0,
      "n": 1317
    },
    "detector.raw_buffer": {
      "peak": 15,
      "mean": 13.744747899159664,
      "n": 952,
      "configured_maxlen": 15,
      "peak_within_maxlen": true,
      "q4_mean": 14.132978723404255,
      "q4_mean_within_half": false
    },
    "filter.depth": {
      "peak": 2,
      "mean": 0.46296296296296297,
      "n": 54,
      "configured_maxlen": 15,
      "peak_within_maxlen": true,
      "q4_mean": 0.46153846153846156,
      "q4_mean_within_half": true
    },
    "filter.mask": {
      "peak": 1,
      "mean": 0.07407407407407407,
      "n": 54,
      "configured_maxlen": 15,
      "peak_within_maxlen": true,
      "q4_mean": 0.15384615384615385,
      "q4_mean_within_half": true
    },
    "filter.instance": {
      "peak": 1,
      "mean": 0.05555555555555555,
      "n": 54,
      "configured_maxlen": 15,
      "peak_within_maxlen": true,
      "q4_mean": 0.07692307692307693,
      "q4_mean_within_half": true
    },
    "filter.exact_join_candidates": {
      "peak": 0,
      "mean": 0.0,
      "n": 54,
      "configured_maxlen": 15,
      "peak_within_maxlen": true,
      "q4_mean": 0.0,
      "q4_mean_within_half": true
    }
  },
  "rss": {
    "sensor_preprocessor": {
      "pid": 1108140,
      "n": 43,
      "rss_mib_first": 98.7265625,
      "rss_mib_last": 98.0703125,
      "rss_mib_min": 96.78125,
      "rss_mib_max": 100.75390625,
      "q1_mean_mib": 99.3036221590909,
      "q4_mean_mib": 99.3096590909091,
      "slope_mib_per_min": -0.5945811032543529,
      "slope_ok": true,
      "quartile_ok": true,
      "pass": true
    },
    "semantic_segmenter": {
      "pid": 1108150,
      "n": 43,
      "rss_mib_first": 1905.38671875,
      "rss_mib_last": 1905.66015625,
      "rss_mib_min": 1905.38671875,
      "rss_mib_max": 1905.66015625,
      "q1_mean_mib": 1905.5369318181818,
      "q4_mean_mib": 1905.657315340909,
      "slope_mib_per_min": 0.21987264058873962,
      "slope_ok": true,
      "quartile_ok": true,
      "pass": true
    },
    "semantic_point_filter": {
      "pid": 1108152,
      "n": 43,
      "rss_mib_first": 91.39453125,
      "rss_mib_last": 88.73828125,
      "rss_mib_min": 77.33203125,
      "rss_mib_max": 110.125,
      "q1_mean_mib": 85.86115056818181,
      "q4_mean_mib": 95.2979403409091,
      "slope_mib_per_min": 14.333595028890167,
      "slope_ok": false,
      "quartile_ok": true,
      "pass": false
    },
    "luggage_detector": {
      "pid": 1108148,
      "n": 43,
      "rss_mib_first": 245.8359375,
      "rss_mib_last": 260.91015625,
      "rss_mib_min": 128.4140625,
      "rss_mib_max": 268.39453125,
      "q1_mean_mib": 205.44673295454547,
      "q4_mean_mib": 227.16157670454547,
      "slope_mib_per_min": 25.592555971984833,
      "slope_ok": false,
      "quartile_ok": true,
      "pass": false
    }
  },
  "maxlens": {
    "detector.raw_buffer_maxlen": 15,
    "filter.buffer_maxlen": 15
  }
}
