[INFO] [launch]: All log files can be found below /home/adamliao/.ros/log/2026-09-05-18-44-35-262326-adamliao-X870-EAGLE-WIFI7-512992
[INFO] [launch]: Default logging verbosity is set to INFO
[INFO] [ign gazebo-1]: process started with pid [513034]
[INFO] [parameter_bridge-2]: process started with pid [513036]
[INFO] [parameter_bridge-3]: process started with pid [513039]
[INFO] [depth_image_republisher.py-4]: process started with pid [513041]
[INFO] [sensor_preprocessor_node.py-5]: process started with pid [513043]
[INFO] [parameter_bridge-6]: process started with pid [513045]
[INFO] [pickup_box_spawner_node.py-7]: process started with pid [513047]
[INFO] [scene_viz_node.py-8]: process started with pid [513049]
[INFO] [luggage_detector_node.py-9]: process started with pid [513051]
[INFO] [semantic_segmenter_node.py-10]: process started with pid [513053]
[INFO] [semantic_point_filter_node.py-11]: process started with pid [513055]
[INFO] [scene_manager_node.py-12]: process started with pid [513057]
[INFO] [waypoint_generator_node.py-13]: process started with pid [513059]
[INFO] [motion_planner_node.py-14]: process started with pid [513061]
[INFO] [vacuum_controller_node.py-15]: process started with pid [513063]
[INFO] [container_tf_publisher-16]: process started with pid [513065]
[INFO] [robot_state_publisher-17]: process started with pid [513077]
[INFO] [create-18]: process started with pid [513193]
[INFO] [create-19]: process started with pid [513212]
[INFO] [create-20]: process started with pid [513218]
[INFO] [spawner-21]: process started with pid [513220]
[parameter_bridge-3] [INFO] [1788605076.063919546] [camera_bridge]: Creating GZ->ROS Bridge: [/d435/image (gz.msgs.Image) -> /d435/image (sensor_msgs/msg/Image)] (Lazy 0)
[parameter_bridge-3] [INFO] [1788605076.071458466] [camera_bridge]: Creating GZ->ROS Bridge: [/d435/depth_image (gz.msgs.Image) -> /d435/depth_image (sensor_msgs/msg/Image)] (Lazy 0)
[parameter_bridge-3] [INFO] [1788605076.071673566] [camera_bridge]: Creating GZ->ROS Bridge: [/d435/camera_info (gz.msgs.CameraInfo) -> /d435/camera_info (sensor_msgs/msg/CameraInfo)] (Lazy 0)
[parameter_bridge-3] [INFO] [1788605076.072183187] [camera_bridge]: Creating GZ->ROS Bridge: [/d435/points (gz.msgs.PointCloudPacked) -> /d435/points (sensor_msgs/msg/PointCloud2)] (Lazy 0)
[parameter_bridge-3] [INFO] [1788605076.072560275] [camera_bridge]: Creating GZ->ROS Bridge: [/livox/scan/points (gz.msgs.PointCloudPacked) -> /livox/scan/points (sensor_msgs/msg/PointCloud2)] (Lazy 0)
[parameter_bridge-2] [INFO] [1788605076.080111950] [clock_bridge]: Creating GZ->ROS Bridge: [/clock (gz.msgs.Clock) -> /clock (rosgraph_msgs/msg/Clock)] (Lazy 0)
[robot_state_publisher-17] [INFO] [1788605076.110172302] [robot_state_publisher]: got segment camera_color_frame
[robot_state_publisher-17] [INFO] [1788605076.110269106] [robot_state_publisher]: got segment camera_color_optical_frame
[robot_state_publisher-17] [INFO] [1788605076.110273645] [robot_state_publisher]: got segment camera_depth_frame
[robot_state_publisher-17] [INFO] [1788605076.110276490] [robot_state_publisher]: got segment camera_depth_optical_frame
[robot_state_publisher-17] [INFO] [1788605076.110279446] [robot_state_publisher]: got segment camera_link
[robot_state_publisher-17] [INFO] [1788605076.110281881] [robot_state_publisher]: got segment d555_link
[robot_state_publisher-17] [INFO] [1788605076.110284295] [robot_state_publisher]: got segment eef_mount_adapter
[robot_state_publisher-17] [INFO] [1788605076.110286920] [robot_state_publisher]: got segment elfin_base
[robot_state_publisher-17] [INFO] [1788605076.110289255] [robot_state_publisher]: got segment elfin_base_link
[robot_state_publisher-17] [INFO] [1788605076.110291739] [robot_state_publisher]: got segment elfin_dummy_gripper
[robot_state_publisher-17] [INFO] [1788605076.110294024] [robot_state_publisher]: got segment elfin_end_link
[robot_state_publisher-17] [INFO] [1788605076.110296298] [robot_state_publisher]: got segment elfin_link1
[robot_state_publisher-17] [INFO] [1788605076.110298643] [robot_state_publisher]: got segment elfin_link2
[robot_state_publisher-17] [INFO] [1788605076.110300897] [robot_state_publisher]: got segment elfin_link3
[robot_state_publisher-17] [INFO] [1788605076.110303432] [robot_state_publisher]: got segment elfin_link4
[robot_state_publisher-17] [INFO] [1788605076.110305676] [robot_state_publisher]: got segment elfin_link5
[robot_state_publisher-17] [INFO] [1788605076.110307830] [robot_state_publisher]: got segment elfin_link6
[robot_state_publisher-17] [INFO] [1788605076.110310034] [robot_state_publisher]: got segment livox_frame
[robot_state_publisher-17] [INFO] [1788605076.110312258] [robot_state_publisher]: got segment livox_imu_frame
[robot_state_publisher-17] [INFO] [1788605076.110314603] [robot_state_publisher]: got segment mid360_mount_frame
[robot_state_publisher-17] [INFO] [1788605076.110316867] [robot_state_publisher]: got segment suction_contact_frame
[robot_state_publisher-17] [INFO] [1788605076.110319202] [robot_state_publisher]: got segment suction_panel
[robot_state_publisher-17] [INFO] [1788605076.110321947] [robot_state_publisher]: got segment world
[semantic_point_filter_node.py-11] [ERROR] [1788605076.342488799] [rcl]: Failed to parse global arguments
[semantic_segmenter_node.py-10] [ERROR] [1788605076.348871487] [rcl]: Failed to parse global arguments
[pickup_box_spawner_node.py-7] [INFO] [1788605076.357229729] [pickup_box_spawner]: pickup_box_spawner ready (visual_kind=mesh size_mode=catalog)
[semantic_point_filter_node.py-11] Traceback (most recent call last):
[semantic_point_filter_node.py-11]   File "/home/adamliao/work/elfin_humble_ws/install/luggage_perception/lib/luggage_perception/semantic_point_filter_node.py", line 570, in <module>
[semantic_point_filter_node.py-11]     main()
[semantic_point_filter_node.py-11]   File "/home/adamliao/work/elfin_humble_ws/install/luggage_perception/lib/luggage_perception/semantic_point_filter_node.py", line 552, in main
[semantic_point_filter_node.py-11]     rclpy.init(args=argv)
[semantic_point_filter_node.py-11]   File "/opt/ros/humble/local/lib/python3.10/dist-packages/rclpy/__init__.py", line 88, in init
[semantic_point_filter_node.py-11]     context.init(args, domain_id=domain_id)
[semantic_point_filter_node.py-11]   File "/opt/ros/humble/local/lib/python3.10/dist-packages/rclpy/context.py", line 72, in init
[semantic_point_filter_node.py-11]     self.__context = _rclpy.Context(
[semantic_point_filter_node.py-11] rclpy._rclpy_pybind11.RCLError: failed to initialize rcl: Couldn't parse params file: '--params-file /home/adamliao/work/elfin_humble_ws/install/luggage_perception/share/luggage_perception/config/semantic_segmenter.yaml'. Error: Cannot have a value before ros__parameters at line 110, at ./src/parse.c:787, at ./src/rcl/arguments.c:406
[semantic_segmenter_node.py-10] Traceback (most recent call last):
[semantic_segmenter_node.py-10]   File "/home/adamliao/work/elfin_humble_ws/install/luggage_perception/lib/luggage_perception/semantic_segmenter_node.py", line 456, in <module>
[semantic_segmenter_node.py-10]     main()
[semantic_segmenter_node.py-10]   File "/home/adamliao/work/elfin_humble_ws/install/luggage_perception/lib/luggage_perception/semantic_segmenter_node.py", line 444, in main
[semantic_segmenter_node.py-10]     rclpy.init(args=argv)
[semantic_segmenter_node.py-10]   File "/opt/ros/humble/local/lib/python3.10/dist-packages/rclpy/__init__.py", line 88, in init
[semantic_segmenter_node.py-10]     context.init(args, domain_id=domain_id)
[semantic_segmenter_node.py-10]   File "/opt/ros/humble/local/lib/python3.10/dist-packages/rclpy/context.py", line 72, in init
[semantic_segmenter_node.py-10]     self.__context = _rclpy.Context(
[semantic_segmenter_node.py-10] rclpy._rclpy_pybind11.RCLError: failed to initialize rcl: Couldn't parse params file: '--params-file /home/adamliao/work/elfin_humble_ws/install/luggage_perception/share/luggage_perception/config/semantic_segmenter.yaml'. Error: Cannot have a value before ros__parameters at line 110, at ./src/parse.c:787, at ./src/rcl/arguments.c:406
[spawner-21] [INFO] [1788605076.384304684] [spawner_joint_state_broadcaster]: waiting for service /controller_manager/list_controllers to become available...
[sensor_preprocessor_node.py-5] [INFO] [1788605076.384611097] [sensor_preprocessor]: sensor_preprocessor ready: data_frame='camera_link' output_frame=camera_depth_optical_frame
[ERROR] [semantic_segmenter_node.py-10]: process has died [pid 513053, exit code 1, cmd '/home/adamliao/work/elfin_humble_ws/install/luggage_perception/lib/luggage_perception/semantic_segmenter_node.py --ros-args -r __node:=semantic_segmenter --params-file /home/adamliao/work/elfin_humble_ws/install/luggage_perception/share/luggage_perception/config/semantic_segmenter.yaml --params-file /tmp/launch_params_2mmh40gt'].
[scene_viz_node.py-8] [INFO] [1788605076.395865275] [scene_viz]: scene_viz ready (container=airport_container_real)
[ERROR] [semantic_point_filter_node.py-11]: process has died [pid 513055, exit code 1, cmd '/home/adamliao/work/elfin_humble_ws/install/luggage_perception/lib/luggage_perception/semantic_point_filter_node.py --ros-args -r __node:=semantic_point_filter --params-file /home/adamliao/work/elfin_humble_ws/install/luggage_perception/share/luggage_perception/config/semantic_segmenter.yaml --params-file /tmp/launch_params_4mts12df'].
[waypoint_generator_node.py-13] [WARN] [1788605076.407120465] [rcl.logging_rosout]: Publisher already registered for provided node name. If this is due to multiple nodes with the same name then all logs for that logger name will go out over the existing publisher. As soon as any node with that name is destructed it will unregister the publisher, preventing any further logs for that name from being published on the rosout topic.
[luggage_detector_node.py-9] [INFO] [1788605076.413314865] [luggage_detector]: luggage_detector subscribing to /luggage/semantic/cargo_points
[luggage_detector_node.py-9] [INFO] [1788605076.414667942] [luggage_detector]: luggage_detector ready (platform-free, semantic=True, support_mode=auto, platform_z=omitted, retries=4 period=0.25s suitcase_wait=0.0s)
[waypoint_generator_node.py-13] [INFO] [1788605076.420601986] [waypoint_generator]: waypoint_generator ready (clearances {'pre_grasp': 0.3, 'approach': 0.25, 'attach': 0.0, 'pick_retreat': 0.35, 'pre_grasp_min': 0.2, 'approach_min': 0.08}, place_slot_frame=elfin_base_link)
[scene_manager_node.py-12] [INFO] [1788605076.434470344] [scene_manager]: scene_manager ready
[container_tf_publisher-16] [INFO] [1788605076.437155418] [container_tf_publisher]: Static TF from /home/adamliao/work/elfin_humble_ws/install/luggage_description/share/luggage_description/config/scene_tf.yaml.example (5 transforms): world->pedestal_link, world->pickup_platform_link, pickup_platform_link->pickup_platform_top, world->container_link, container_link->container_opening_frame
[container_tf_publisher-16] [INFO] [1788605076.437369957] [container_tf_publisher]: task ROI (this node only): center=[-0.0, -1.5, 0.41] dims=[1.49, 1.97, 1.48] yaw=-1.5708 opening=[-0.27, -0.755, 0.44] aperture=1.326x1.412
[vacuum_controller_node.py-15] [WARN] [1788605076.448225205] [rcl.logging_rosout]: Publisher already registered for provided node name. If this is due to multiple nodes with the same name then all logs for that logger name will go out over the existing publisher. As soon as any node with that name is destructed it will unregister the publisher, preventing any further logs for that name from being published on the rosout topic.
[vacuum_controller_node.py-15] [INFO] [1788605076.477629006] [vacuum_controller]: vacuum_controller ready (backend=sim, panel=suction_contact_frame)
[vacuum_controller_node.py-15] [INFO] [1788605076.478459578] [vacuum_controller]: current_box cleared
[motion_planner_node.py-14] [INFO] [1788605076.506912267] [motion_planner]: motion_planner up (move_group probed on first PlanMotion)
[create-20] [INFO] [1788605076.540981646] [ros_gz_sim]: Requested creation of entity.
[create-20] [INFO] [1788605076.541110561] [ros_gz_sim]: OK creation of entity.
[create-18] [INFO] [1788605076.641083508] [ros_gz_sim]: Requested creation of entity.
[create-18] [INFO] [1788605076.641197646] [ros_gz_sim]: OK creation of entity.
[INFO] [create-20]: process has finished cleanly [pid 513218]
[create-19] [INFO] [1788605076.741175673] [ros_gz_sim]: Requested creation of entity.
[create-19] [INFO] [1788605076.741335738] [ros_gz_sim]: OK creation of entity.
[INFO] [create-18]: process has finished cleanly [pid 513193]
[INFO] [create-22]: process started with pid [513710]
[INFO] [create-19]: process has finished cleanly [pid 513212]
[create-22] [INFO] [1788605076.968234595] [ros_gz_sim]: Requested creation of entity.
[create-22] [INFO] [1788605076.968322202] [ros_gz_sim]: OK creation of entity.
[INFO] [create-22]: process has finished cleanly [pid 513710]
[ign gazebo-1] [INFO] [1788605078.260692687] [GazeboSimROS2ControlPlugin]: robot_param_node is robot_state_publisher
[ign gazebo-1] [INFO] [1788605078.260716152] [GazeboSimROS2ControlPlugin]: robot_param_node is robot_description
[ign gazebo-1] [INFO] [1788605079.268450056] [gz_ros2_control]: connected to service!! robot_state_publisher asking for robot_description
[ign gazebo-1] [INFO] [1788605079.268902157] [gz_ros2_control]: Received URDF from param server
[ign gazebo-1] [INFO] [1788605079.269606469] [gz_ros2_control]: [gz_ros2_control] Fixed joint ['world_base'] (Entity='89') is skipped.
[ign gazebo-1] [INFO] [1788605079.271486771] [gz_ros2_control]: The position_proportional_gain has been set to: 0.1
[ign gazebo-1] [INFO] [1788605079.271514523] [gz_ros2_control]: Loading joint: elfin_joint1
[ign gazebo-1] [INFO] [1788605079.271519152] [gz_ros2_control]: 	State:
[ign gazebo-1] [INFO] [1788605079.271522058] [gz_ros2_control]: 		 position
[ign gazebo-1] [INFO] [1788605079.271526466] [gz_ros2_control]: 			 found initial value: 1.880600
[ign gazebo-1] [INFO] [1788605079.271530855] [gz_ros2_control]: 		 velocity
[ign gazebo-1] [INFO] [1788605079.271533249] [gz_ros2_control]: 	Command:
[ign gazebo-1] [INFO] [1788605079.271535664] [gz_ros2_control]: 		 position
[ign gazebo-1] [INFO] [1788605079.271542286] [gz_ros2_control]: Loading joint: elfin_joint2
[ign gazebo-1] [INFO] [1788605079.271544661] [gz_ros2_control]: 	State:
[ign gazebo-1] [INFO] [1788605079.271547096] [gz_ros2_control]: 		 position
[ign gazebo-1] [INFO] [1788605079.271550061] [gz_ros2_control]: 			 found initial value: -1.773600
[ign gazebo-1] [INFO] [1788605079.271553097] [gz_ros2_control]: 		 velocity
[ign gazebo-1] [INFO] [1788605079.271555772] [gz_ros2_control]: 	Command:
[ign gazebo-1] [INFO] [1788605079.271558668] [gz_ros2_control]: 		 position
[ign gazebo-1] [INFO] [1788605079.271564769] [gz_ros2_control]: Loading joint: elfin_joint3
[ign gazebo-1] [INFO] [1788605079.271567605] [gz_ros2_control]: 	State:
[ign gazebo-1] [INFO] [1788605079.271570340] [gz_ros2_control]: 		 position
[ign gazebo-1] [INFO] [1788605079.271572213] [gz_ros2_control]: 			 found initial value: -1.049100
[ign gazebo-1] [INFO] [1788605079.271574478] [gz_ros2_control]: 		 velocity
[ign gazebo-1] [INFO] [1788605079.271576181] [gz_ros2_control]: 	Command:
[ign gazebo-1] [INFO] [1788605079.271578125] [gz_ros2_control]: 		 position
[ign gazebo-1] [INFO] [1788605079.271581912] [gz_ros2_control]: Loading joint: elfin_joint4
[ign gazebo-1] [INFO] [1788605079.271583936] [gz_ros2_control]: 	State:
[ign gazebo-1] [INFO] [1788605079.271585709] [gz_ros2_control]: 		 position
[ign gazebo-1] [INFO] [1788605079.271587372] [gz_ros2_control]: 			 found initial value: 4.443900
[ign gazebo-1] [INFO] [1788605079.271589697] [gz_ros2_control]: 		 velocity
[ign gazebo-1] [INFO] [1788605079.271591330] [gz_ros2_control]: 	Command:
[ign gazebo-1] [INFO] [1788605079.271593304] [gz_ros2_control]: 		 position
[ign gazebo-1] [INFO] [1788605079.271596640] [gz_ros2_control]: Loading joint: elfin_joint5
[ign gazebo-1] [INFO] [1788605079.271598523] [gz_ros2_control]: 	State:
[ign gazebo-1] [INFO] [1788605079.271600287] [gz_ros2_control]: 		 position
[ign gazebo-1] [INFO] [1788605079.271602521] [gz_ros2_control]: 			 found initial value: 1.772100
[ign gazebo-1] [INFO] [1788605079.271604545] [gz_ros2_control]: 		 velocity
[ign gazebo-1] [INFO] [1788605079.271606208] [gz_ros2_control]: 	Command:
[ign gazebo-1] [INFO] [1788605079.271607761] [gz_ros2_control]: 		 position
[ign gazebo-1] [INFO] [1788605079.271611428] [gz_ros2_control]: Loading joint: elfin_joint6
[ign gazebo-1] [INFO] [1788605079.271613342] [gz_ros2_control]: 	State:
[ign gazebo-1] [INFO] [1788605079.271614975] [gz_ros2_control]: 		 position
[ign gazebo-1] [INFO] [1788605079.271616909] [gz_ros2_control]: 			 found initial value: 1.847300
[ign gazebo-1] [INFO] [1788605079.271618792] [gz_ros2_control]: 		 velocity
[ign gazebo-1] [INFO] [1788605079.271620385] [gz_ros2_control]: 	Command:
[ign gazebo-1] [INFO] [1788605079.271621928] [gz_ros2_control]: 		 position
[ign gazebo-1] [INFO] [1788605079.271672685] [resource_manager]: Initialize hardware 'ElfinSystem' 
[ign gazebo-1] [INFO] [1788605079.271701530] [resource_manager]: Successful initialization of hardware 'ElfinSystem'
[ign gazebo-1] [INFO] [1788605079.271717951] [resource_manager]: 'configure' hardware 'ElfinSystem' 
[ign gazebo-1] [INFO] [1788605079.271719494] [gz_ros2_control]: System Successfully configured!
[ign gazebo-1] [INFO] [1788605079.271723972] [resource_manager]: Successful 'configure' of hardware 'ElfinSystem'
[ign gazebo-1] [INFO] [1788605079.271726928] [resource_manager]: 'activate' hardware 'ElfinSystem' 
[ign gazebo-1] [INFO] [1788605079.271729583] [resource_manager]: Successful 'activate' of hardware 'ElfinSystem'
[ign gazebo-1] [INFO] [1788605079.271732038] [gz_ros2_control]: Loading controller_manager
[ign gazebo-1] [INFO] [1788605079.389266444] [controller_manager]: Loading controller 'joint_state_broadcaster'
[spawner-21] [INFO] [1788605079.394346781] [spawner_joint_state_broadcaster]: [94mLoaded [1mjoint_state_broadcaster[0m
[ign gazebo-1] [INFO] [1788605079.394929982] [controller_manager]: Configuring controller 'joint_state_broadcaster'
[ign gazebo-1] [INFO] [1788605079.394994345] [joint_state_broadcaster]: 'joints' or 'interfaces' parameter is empty. All available state interfaces will be published
[ign gazebo-1] [1;32m[Msg] [0m[1;32mIgnition Gazebo Server v[0m[1;32m6.18.0[0m[1;32m[0m
[ign gazebo-1] [1;32m[Msg] [0m[1;32mLoading SDF world file[[0m[1;32m/home/adamliao/work/elfin_humble_ws/install/luggage_gazebo/share/luggage_gazebo/worlds/airport_loading.sdf[0m[1;32m].[0m
[ign gazebo-1] [1;32m[Msg] [0m[1;32mServing entity system service on [[0m[1;32m/[0m[1;32mentity/system/add[0m[1;32m][0m[1;32m[0m
[ign gazebo-1] [1;32m[Msg] [0m[1;32mCreate service on [[0m[1;32m/world/airport_loading/create[0m[1;32m][0m[1;32m[0m
[ign gazebo-1] [1;32m[Msg] [0m[1;32mRemove service on [[0m[1;32m/world/airport_loading/remove[0m[1;32m][0m[1;32m[0m
[ign gazebo-1] [1;32m[Msg] [0m[1;32mPose service on [[0m[1;32m/world/airport_loading/set_pose[0m[1;32m][0m[1;32m[0m
[ign gazebo-1] [1;32m[Msg] [0m[1;32mPose service on [[0m[1;32m/world/airport_loading/set_pose_vector[0m[1;32m][0m[1;32m[0m
[ign gazebo-1] [1;32m[Msg] [0m[1;32mLight configuration service on [[0m[1;32m/world/airport_loading/light_config[0m[1;32m][0m[1;32m[0m
[ign gazebo-1] [1;32m[Msg] [0m[1;32mPhysics service on [[0m[1;32m/world/airport_loading/set_physics[0m[1;32m][0m[1;32m[0m
[ign gazebo-1] [1;32m[Msg] [0m[1;32mSphericalCoordinates service on [[0m[1;32m/world/airport_loading/set_spherical_coordinates[0m[1;32m][0m[1;32m[0m
[ign gazebo-1] [1;32m[Msg] [0m[1;32mEnable collision service on [[0m[1;32m/world/airport_loading/enable_collision[0m[1;32m][0m[1;32m[0m
[ign gazebo-1] [1;32m[Msg] [0m[1;32mDisable collision service on [[0m[1;32m/world/airport_loading/disable_collision[0m[1;32m][0m[1;32m[0m
[ign gazebo-1] [1;32m[Msg] [0m[1;32mMaterial service on [[0m[1;32m/world/airport_loading/visual_config[0m[1;32m][0m[1;32m[0m
[ign gazebo-1] [1;32m[Msg] [0m[1;32mMaterial service on [[0m[1;32m/world/airport_loading/wheel_slip[0m[1;32m][0m[1;32m[0m
[ign gazebo-1] [1;32m[Msg] [0m[1;32mLoaded level [[0m[1;32m3[0m[1;32m][0m[1;32m[0m
[ign gazebo-1] [1;32m[Msg] [0m[1;32mServing world controls on [[0m[1;32m/world/airport_loading[0m[1;32m/control], [[0m[1;32m/world/airport_loading[0m[1;32m/control/state] and [[0m[1;32m/world/airport_loading[0m[1;32m/playback/control][0m[1;32m[0m
[ign gazebo-1] [1;32m[Msg] [0m[1;32mServing GUI information on [[0m[1;32m/world/airport_loading[0m[1;32m/[0m[1;32mgui/info[0m[1;32m][0m[1;32m[0m
[ign gazebo-1] [1;32m[Msg] [0m[1;32mWorld [[0m[1;32mairport_loading[0m[1;32m] initialized with [[0m[1;32m1ms[0m[1;32m] physics profile.[0m[1;32m[0m
[ign gazebo-1] [1;32m[Msg] [0m[1;32mServing world SDF generation service on [[0m[1;32m/world/airport_loading[0m[1;32m/[0m[1;32mgenerate_world_sdf[0m[1;32m][0m[1;32m[0m
[ign gazebo-1] [1;32m[Msg] [0m[1;32mServing world names on [[0m[1;32m/gazebo/worlds[0m[1;32m][0m[1;32m[0m
[ign gazebo-1] [1;32m[Msg] [0m[1;32mResource path add service on [[0m[1;32m/gazebo/resource_paths/add[0m[1;32m].[0m[1;32m[0m
[ign gazebo-1] [1;32m[Msg] [0m[1;32mResource path get service on [[0m[1;32m/gazebo/resource_paths/get[0m[1;32m].[0m[1;32m[0m
[ign gazebo-1] [1;32m[Msg] [0m[1;32mResource path resolve service on [[0m[1;32m/gazebo/resource_paths/resolve[0m[1;32m].[0m[1;32m[0m
[ign gazebo-1] [1;32m[Msg] [0m[1;32mResource paths published on [[0m[1;32m/gazebo/resource_paths[0m[1;32m].[0m[1;32m[0m
[ign gazebo-1] [1;32m[Msg] [0m[1;32mServer control service on [[0m[1;32m/server_control[0m[1;32m].[0m[1;32m[0m
[ign gazebo-1] [1;32m[Msg] [0m[1;32mFound no publishers on /stats, adding root stats topic[0m[1;32m[0m
[ign gazebo-1] [1;32m[Msg] [0m[1;32mFound no publishers on /clock, adding root clock topic[0m[1;32m[0m
[ign gazebo-1] [1;32m[Msg] [0m[1;32mLoading plugin [[0m[1;32mignition-rendering-ogre2[0m[1;32m][0m[1;32m[0m
[ign gazebo-1] [1;32m[Msg] [0m[1;32mServing scene information on [[0m[1;32m/world/airport_loading[0m[1;32m/[0m[1;32mscene/info[0m[1;32m][0m[1;32m[0m
[ign gazebo-1] [1;32m[Msg] [0m[1;32mServing graph information on [[0m[1;32m/world/airport_loading[0m[1;32m/[0m[1;32mscene/graph[0m[1;32m][0m[1;32m[0m
[ign gazebo-1] [1;32m[Msg] [0m[1;32mServing full state on [[0m[1;32m/world/airport_loading[0m[1;32m/[0m[1;32mstate[0m[1;32m][0m[1;32m[0m
[ign gazebo-1] [1;32m[Msg] [0m[1;32mServing full state (async) on [[0m[1;32m/world/airport_loading[0m[1;32m/[0m[1;32mstate_async[0m[1;32m][0m[1;32m[0m
[ign gazebo-1] [WARN] [1788605079.438377413] [gz_ros2_control]:  Desired controller update period (0.01 s) is slower than the gazebo simulation period (0.001 s).
[ign gazebo-1] libEGL warning: egl: failed to create dri2 screen
[ign gazebo-1] libEGL warning: egl: failed to create dri2 screen
[spawner-21] [INFO] [1788605079.837503370] [spawner_joint_state_broadcaster]: [92mConfigured and activated [1mjoint_state_broadcaster[0m
[INFO] [spawner-21]: process has finished cleanly [pid 513220]
[INFO] [spawner-23]: process started with pid [513892]
[spawner-23] [INFO] [1788605080.473876052] [spawner_elfin_arm_controller]: waiting for service /controller_manager/list_controllers to become available...
[ign gazebo-1] [INFO] [1788605082.477640276] [controller_manager]: Loading controller 'elfin_arm_controller'
[ign gazebo-1] [WARN] [1788605082.484130178] [elfin_arm_controller]: [Deprecated]: "allow_nonzero_velocity_at_trajectory_end" is set to true. The default behavior will change to false.
[spawner-23] [INFO] [1788605082.488185793] [spawner_elfin_arm_controller]: [94mLoaded [1melfin_arm_controller[0m
[ign gazebo-1] [INFO] [1788605082.569332313] [controller_manager]: Configuring controller 'elfin_arm_controller'
[ign gazebo-1] [INFO] [1788605082.569469865] [elfin_arm_controller]: No specific joint names are used for command interfaces. Using 'joints' parameter.
[ign gazebo-1] [INFO] [1788605082.569482399] [elfin_arm_controller]: Command interfaces are [position] and state interfaces are [position velocity].
[ign gazebo-1] [INFO] [1788605082.569501736] [elfin_arm_controller]: Using 'splines' interpolation method.
[ign gazebo-1] [INFO] [1788605082.570188704] [elfin_arm_controller]: Controller state will be published at 50.00 Hz.
[ign gazebo-1] [INFO] [1788605082.571577029] [elfin_arm_controller]: Action status changes will be monitored at 20.00 Hz.
[spawner-23] [INFO] [1788605082.598159924] [spawner_elfin_arm_controller]: [92mConfigured and activated [1melfin_arm_controller[0m
[INFO] [spawner-23]: process has finished cleanly [pid 513892]
[INFO] [observe_pose_hold.py-24]: process started with pid [513954]
[INFO] [move_group-25]: process started with pid [513956]
[move_group-25] [INFO] [1788605082.790919867] [moveit_rdf_loader.rdf_loader]: Loaded robot model in 0.015 seconds
[move_group-25] [INFO] [1788605082.790988458] [moveit_robot_model.robot_model]: Loading robot model 'S20'...
[move_group-25] [INFO] [1788605082.790995341] [moveit_robot_model.robot_model]: No root/virtual joint specified in SRDF. Assuming fixed joint
[move_group-25] [WARN] [1788605082.932284101] [moveit_robot_model.robot_model]: Link mid360_mount_frame has visual geometry but no collision geometry. Collision geometry will be left empty. Fix your URDF file by explicitly specifying collision geometry.
[ign gazebo-1] [1;32m[Msg] [0m[1;32mPublishing scene information on [[0m[1;32m/world/airport_loading/scene/info[0m[1;32m][0m[1;32m[0m
[ign gazebo-1] [1;32m[Msg] [0m[1;32mPublishing entity deletions on [[0m[1;32m/world/airport_loading/scene/deletion[0m[1;32m][0m[1;32m[0m
[ign gazebo-1] [1;32m[Msg] [0m[1;32mPublishing state changes on [[0m[1;32m/world/airport_loading/state[0m[1;32m][0m[1;32m[0m
[ign gazebo-1] [1;32m[Msg] [0m[1;32mPublishing pose messages on [[0m[1;32m/world/airport_loading[0m[1;32m/[0m[1;32mpose/info[0m[1;32m][0m[1;32m[0m
[ign gazebo-1] [1;32m[Msg] [0m[1;32mPublishing dynamic pose messages on [[0m[1;32m/world/airport_loading[0m[1;32m/[0m[1;32mdynamic_pose/info[0m[1;32m][0m[1;32m[0m
[move_group-25] [INFO] [1788605083.277400232] [moveit_ros.planning_scene_monitor.planning_scene_monitor]: Publishing maintained planning scene on 'monitored_planning_scene'
[move_group-25] [INFO] [1788605083.277492999] [moveit.ros_planning_interface.moveit_cpp]: Listening to 'joint_states' for joint states
[move_group-25] [INFO] [1788605083.277918579] [moveit_ros.current_state_monitor]: Listening to joint states on topic 'joint_states'
[move_group-25] [INFO] [1788605083.278111677] [moveit_ros.planning_scene_monitor.planning_scene_monitor]: Listening to '/attached_collision_object' for attached collision objects
[move_group-25] [INFO] [1788605083.278119702] [moveit_ros.planning_scene_monitor.planning_scene_monitor]: Starting planning scene monitor
[move_group-25] [INFO] [1788605083.278237567] [moveit_ros.planning_scene_monitor.planning_scene_monitor]: Listening to '/planning_scene'
[move_group-25] [INFO] [1788605083.278241735] [moveit_ros.planning_scene_monitor.planning_scene_monitor]: Starting world geometry update monitor for collision objects, attached objects, octomap updates.
[move_group-25] [INFO] [1788605083.278364098] [moveit_ros.planning_scene_monitor.planning_scene_monitor]: Listening to 'collision_object'
[move_group-25] [INFO] [1788605083.278493234] [moveit_ros.planning_scene_monitor.planning_scene_monitor]: Listening to 'planning_scene_world' for planning scene world geometry
[move_group-25] [WARN] [1788605083.278712111] [moveit.ros.occupancy_map_monitor.middleware_handle]: Resolution not specified for Octomap. Assuming resolution = 0.1 instead
[move_group-25] [ERROR] [1788605083.278718734] [moveit.ros.occupancy_map_monitor.middleware_handle]: No 3D sensor plugin(s) defined for octomap updates
[move_group-25] [INFO] [1788605084.073599810] [moveit.ros_planning_interface.moveit_cpp]: Loading planning pipeline 'ompl'
[move_group-25] [INFO] [1788605084.078950271] [moveit.ros_planning.planning_pipeline]: Using planning interface 'OMPL'
[move_group-25] [INFO] [1788605084.079883789] [moveit_ros.add_time_optimal_parameterization]: Param 'ompl.path_tolerance' was not set. Using default value: 0.100000
[move_group-25] [INFO] [1788605084.079892826] [moveit_ros.add_time_optimal_parameterization]: Param 'ompl.resample_dt' was not set. Using default value: 0.100000
[move_group-25] [INFO] [1788605084.079895031] [moveit_ros.add_time_optimal_parameterization]: Param 'ompl.min_angle_change' was not set. Using default value: 0.001000
[move_group-25] [INFO] [1788605084.079903898] [moveit_ros.fix_workspace_bounds]: Param 'ompl.default_workspace_bounds' was not set. Using default value: 10.000000
[move_group-25] [INFO] [1788605084.079910961] [moveit_ros.fix_start_state_bounds]: Param 'ompl.start_state_max_bounds_error' was set to 0.100000
[move_group-25] [INFO] [1788605084.079913195] [moveit_ros.fix_start_state_bounds]: Param 'ompl.start_state_max_dt' was not set. Using default value: 0.500000
[move_group-25] [INFO] [1788605084.079917423] [moveit_ros.fix_start_state_collision]: Param 'ompl.start_state_max_dt' was not set. Using default value: 0.500000
[move_group-25] [INFO] [1788605084.079919808] [moveit_ros.fix_start_state_collision]: Param 'ompl.jiggle_fraction' was set to 0.050000
[move_group-25] [INFO] [1788605084.079921882] [moveit_ros.fix_start_state_collision]: Param 'ompl.max_sampling_attempts' was not set. Using default value: 100
[move_group-25] [INFO] [1788605084.079926020] [moveit.ros_planning.planning_pipeline]: Using planning request adapter 'Add Time Optimal Parameterization'
[move_group-25] [INFO] [1788605084.079927963] [moveit.ros_planning.planning_pipeline]: Using planning request adapter 'Resolve constraint frames to robot links'
[move_group-25] [INFO] [1788605084.079929186] [moveit.ros_planning.planning_pipeline]: Using planning request adapter 'Fix Workspace Bounds'
[move_group-25] [INFO] [1788605084.079930388] [moveit.ros_planning.planning_pipeline]: Using planning request adapter 'Fix Start State Bounds'
[move_group-25] [INFO] [1788605084.079931470] [moveit.ros_planning.planning_pipeline]: Using planning request adapter 'Fix Start State In Collision'
[move_group-25] [INFO] [1788605084.079932532] [moveit.ros_planning.planning_pipeline]: Using planning request adapter 'Fix Start State Path Constraints'
[move_group-25] [WARN] [1788605084.081838322] [rcl.logging_rosout]: Publisher already registered for provided node name. If this is due to multiple nodes with the same name then all logs for that logger name will go out over the existing publisher. As soon as any node with that name is destructed it will unregister the publisher, preventing any further logs for that name from being published on the rosout topic.
[move_group-25] [INFO] [1788605084.088949708] [moveit.plugins.moveit_simple_controller_manager]: Added FollowJointTrajectory controller for elfin_arm_controller
[move_group-25] [INFO] [1788605084.089025462] [moveit.plugins.moveit_simple_controller_manager]: Returned 1 controllers in list
[move_group-25] [INFO] [1788605084.089034950] [moveit.plugins.moveit_simple_controller_manager]: Returned 1 controllers in list
[move_group-25] [INFO] [1788605084.089229501] [moveit_ros.trajectory_execution_manager]: Trajectory execution is not managing controllers
[move_group-25] [INFO] [1788605084.089235963] [move_group.move_group]: MoveGroup debug mode is ON
[move_group-25] [INFO] [1788605084.095844000] [move_group.move_group]: 
[move_group-25] 
[move_group-25] ********************************************************
[move_group-25] * MoveGroup using: 
[move_group-25] *     - ApplyPlanningSceneService
[move_group-25] *     - ClearOctomapService
[move_group-25] *     - CartesianPathService
[move_group-25] *     - ExecuteTrajectoryAction
[move_group-25] *     - GetPlanningSceneService
[move_group-25] *     - KinematicsService
[move_group-25] *     - MoveAction
[move_group-25] *     - MotionPlanService
[move_group-25] *     - QueryPlannersService
[move_group-25] *     - StateValidationService
[move_group-25] ********************************************************
[move_group-25] 
[move_group-25] [INFO] [1788605084.095864539] [moveit_move_group_capabilities_base.move_group_context]: MoveGroup context using planning plugin ompl_interface/OMPLPlanner
[move_group-25] [INFO] [1788605084.095868537] [moveit_move_group_capabilities_base.move_group_context]: MoveGroup context initialization complete
[move_group-25] [96mLoading 'move_group/ApplyPlanningSceneService'...
[move_group-25] [0m[96mLoading 'move_group/ClearOctomapService'...
[move_group-25] [0m[96mLoading 'move_group/MoveGroupCartesianPathService'...
[move_group-25] [0m[96mLoading 'move_group/MoveGroupExecuteTrajectoryAction'...
[move_group-25] [0m[96mLoading 'move_group/MoveGroupGetPlanningSceneService'...
[move_group-25] [0m[96mLoading 'move_group/MoveGroupKinematicsService'...
[move_group-25] [0m[96mLoading 'move_group/MoveGroupMoveAction'...
[move_group-25] [0m[96mLoading 'move_group/MoveGroupPlanService'...
[move_group-25] [0m[96mLoading 'move_group/MoveGroupQueryPlannersService'...
[move_group-25] [0m[96mLoading 'move_group/MoveGroupStateValidationService'...
[move_group-25] [0m[92m
[move_group-25] You can start planning now!
[move_group-25] 
[move_group-25] [WARN] [1788605084.510895469] [moveit_planning_scene.planning_scene]: Tried to remove world object 'airport_container_real', but it does not exist in this scene.
[move_group-25] [WARN] [1788605084.545573584] [moveit_planning_scene.planning_scene]: Tried to remove world object 'robot_pedestal', but it does not exist in this scene.
[scene_manager_node.py-12] [INFO] [1788605084.549037733] [scene_manager]: auto sync_static_scene: static scene synced (airport_container_real, 8000 triangles)
[ign gazebo-1] [INFO] [1788605085.534990377] [elfin_arm_controller]: Received new action goal
[ign gazebo-1] [INFO] [1788605085.535072704] [elfin_arm_controller]: Accepted new action goal
[ign gazebo-1] [INFO] [1788605086.044240330] [elfin_arm_controller]: Goal reached, success!
[observe_pose_hold.py-24] [INFO] [1788605086.143434612] [observe_pose_hold]: Held pose 'pickup_observe' error_code=0
[INFO] [observe_pose_hold.py-24]: process has finished cleanly [pid 513954]
