{
  "mode": "semantic",
  "trials_requested": 6,
  "spawn_failures": 0,
  "stale_instance_frames": 3,
  "warmup_frames_config": 30,
  "gap_sec": 2.0,
  "launch_params": "gui:=false use_rviz:=false use_semantic:=true use_motion:=true use_vacuum:=true visual_kind:=mesh size_mode:=catalog sequence_ids:=carryon,standard,large xy_jitter_range:=0.12,0.12 yaw_range:=-0.6,0.6 observe_pose_name:=pickup_observe (worktree /tmp/pfr10_g2_int @ 1ebc387, dirty=0)",
  "revision": {
    "git_commit": "f7531ffdb56a07fe633960143767bf27bf52dae6",
    "git_dirty_files": 0
  },
  "active_output_hz": 21.999352960207045,
  "trial_cycle_hz": 0.13387017655236325,
  "trial_cycle_sec_mean": 7.469923665999279,
  "matrix_coverage": {
    "sizes": [
      [
        0.55,
        0.4,
        0.25
      ],
      [
        0.7,
        0.45,
        0.28
      ],
      [
        0.8,
        0.5,
        0.32
      ]
    ],
    "n_sizes": 3,
    "trials_per_size": {
      "0.55x0.4x0.25": 2,
      "0.7x0.45x0.28": 2,
      "0.8x0.5x0.32": 2
    },
    "xy_offsets": [
      [
        -1.06,
        -0.04
      ],
      [
        -1.04,
        -0.03
      ],
      [
        -0.97,
        0.03
      ],
      [
        -0.92,
        -0.11
      ],
      [
        -0.92,
        -0.02
      ],
      [
        -0.9,
        -0.02
      ]
    ],
    "n_xy_offsets": 6,
    "yaw_deg": [
      -26.0,
      -14.0,
      -10.0,
      -9.0,
      2.0,
      27.0
    ],
    "n_yaws": 6,
    "n_trials": 6
  },
  "n_settled": 231,
  "categories": {
    "warmup_frames": 180,
    "settled_frames": 231,
    "top_only": 0,
    "full3d": 140,
    "prior": 10,
    "failed": 81
  },
  "top_surface_rate": 0.6493506493506493,
  "full3d_rate": 0.9333333333333333,
  "top_z_err_m": {
    "count": 150,
    "p50": 0.00853711427757009,
    "p95": 0.009044927476474118,
    "max": 0.009044927476474118
  },
  "support_z_err_m": {
    "count": 140,
    "p50": 1.3165816273863484e-05,
    "p95": 1.7628226067101238e-05,
    "max": 1.944108596074745e-05
  },
  "height_err_m": {
    "count": 140,
    "p50": 0.008526586888781051,
    "p95": 0.009027848833743302,
    "max": 0.009027848833743302
  },
  "xy_err_m": {
    "count": 150,
    "p50": 0.008222409586609006,
    "p95": 0.01217802527600916,
    "max": 0.012178025276009176
  },
  "width_err_m": {
    "count": 150,
    "p50": 0.013251237837209384,
    "p95": 0.01786936501573505,
    "max": 0.01786936501573505
  },
  "depth_err_m": {
    "count": 150,
    "p50": 0.029469109005788308,
    "p95": 0.03352736109098026,
    "max": 0.03352736109098026
  },
  "false_measured_height": 0,
  "limits": {
    "top_surface_rate": 0.95,
    "full3d_rate": 0.95,
    "top_z_p95_m": 0.015,
    "top_z_max_m": 0.025,
    "support_z_p95_m": 0.015,
    "support_z_max_m": 0.025,
    "height_p95_m": 0.025,
    "height_max_m": 0.04,
    "xy_p95_m": 0.03,
    "width_depth_p95_m": 0.05,
    "false_measured_height": 0
  },
  "require_full_geometry": true,
  "gate4_failures": [
    "top_surface_rate 0.649 < 0.950",
    "full3d_rate 0.933 < 0.950"
  ],
  "gate4_pass": false,
  "coverage_failures": []
}
