{
  "wall_start_utc": "2026-09-09T15:22:26.984906+00:00",
  "wall_end_utc": "2026-09-09T15:23:10.356307+00:00",
  "duration_s": 43.37138178298483,
  "active_rates_hz": {
    "pre_rgb": 28.822,
    "frame": 20.806,
    "yolo": 29.283,
    "raw_img": 24.203,
    "segmenter_stats": 0.822
  },
  "stage_delta_ms": {
    "raw_img->pre_rgb": {
      "n": 1006,
      "p50": 19.8,
      "p95": 26.153,
      "max": 46.702
    },
    "pre_rgb->frame": {
      "n": 866,
      "p50": 800.019,
      "p95": 1735.647,
      "max": 2484.867
    },
    "raw_img->frame_e2e": {
      "n": 724,
      "p50": 768.715,
      "p95": 1758.228,
      "max": 2504.669
    }
  },
  "stage_percentiles": {
    "filter.cargo_points_ms": {
      "n": 55,
      "p50": 63543.0,
      "p95": 113420.0,
      "max": 113420.0
    },
    "filter.depth_decode_ms_ms": {
      "n": 55,
      "p50": 0.011,
      "p95": 0.014,
      "max": 0.016
    },
    "filter.filter_ms_ms": {
      "n": 55,
      "p50": 8.77,
      "p95": 13.9,
      "max": 15.903
    },
    "filter.input_points_ms": {
      "n": 55,
      "p50": 480.0,
      "p95": 480.0,
      "max": 480.0
    },
    "filter.mask_decode_ms_ms": {
      "n": 55,
      "p50": 0.036,
      "p95": 0.046,
      "max": 0.058
    },
    "filter.obstacle_points_ms": {
      "n": 55,
      "p50": 63543.0,
      "p95": 113420.0,
      "max": 113420.0
    },
    "filter.process_total_ms_ms": {
      "n": 55,
      "p50": 39.975,
      "p95": 73.963,
      "max": 79.521
    },
    "filter.publish_ms_ms": {
      "n": 55,
      "p50": 26.91,
      "p95": 54.105,
      "max": 57.587
    },
    "filter.to_world_ms_ms": {
      "n": 55,
      "p50": 1.28,
      "p95": 2.036,
      "max": 2.448
    },
    "filter.tracker_ms_ms": {
      "n": 55,
      "p50": 2.745,
      "p95": 4.752,
      "max": 5.878
    },
    "detector.geometry_ms_ms": {
      "n": 580,
      "p50": 1003.57,
      "p95": 1602.776,
      "max": 1718.914
    },
    "detector.read_ms_ms": {
      "n": 826,
      "p50": 0.05,
      "p95": 13.976,
      "max": 29.056
    },
    "detector.tf_ms_ms": {
      "n": 336,
      "p50": 2.287,
      "p95": 5.555,
      "max": 12.715
    }
  },
  "executor_lag_sec": {
    "n": 55,
    "p50": 0.09,
    "p95": 0.127,
    "max": 0.142,
    "q1_mean": 0.10285714285714269,
    "q4_mean": 0.0943846153846146,
    "q4_mean_ok": true,
    "ratio_ok": true
  },
  "occupancy": {
    "detector.raw_buffer": {
      "peak": 15,
      "mean": 13.804878048780488,
      "n": 902,
      "configured_maxlen": 15,
      "peak_within_maxlen": true,
      "q4_mean": 14.173913043478262,
      "q4_mean_within_half": false
    },
    "prep.color_info": {
      "peak": 15,
      "mean": 15.0,
      "n": 1348
    },
    "prep.depth": {
      "peak": 15,
      "mean": 15.0,
      "n": 1348
    },
    "prep.depth_info": {
      "peak": 15,
      "mean": 15.0,
      "n": 1348
    },
    "prep.imu": {
      "peak": 0,
      "mean": 0.0,
      "n": 1348
    },
    "prep.joints": {
      "peak": 50,
      "mean": 50.0,
      "n": 1348
    },
    "prep.lidar": {
      "peak": 0,
      "mean": 0.0,
      "n": 1348
    },
    "prep.rgb": {
      "peak": 15,
      "mean": 15.0,
      "n": 1348
    },
    "prep.emit_queue": {
      "peak": 0,
      "mean": 0.0,
      "n": 1348
    },
    "filter.depth": {
      "peak": 1,
      "mean": 0.23636363636363636,
      "n": 55,
      "configured_maxlen": 15,
      "peak_within_maxlen": true,
      "q4_mean": 0.15384615384615385,
      "q4_mean_within_half": true
    },
    "filter.mask": {
      "peak": 1,
      "mean": 0.07272727272727272,
      "n": 55,
      "configured_maxlen": 15,
      "peak_within_maxlen": true,
      "q4_mean": 0.07692307692307693,
      "q4_mean_within_half": true
    },
    "filter.instance": {
      "peak": 0,
      "mean": 0.0,
      "n": 55,
      "configured_maxlen": 15,
      "peak_within_maxlen": true,
      "q4_mean": 0.0,
      "q4_mean_within_half": true
    },
    "filter.exact_join_candidates": {
      "peak": 0,
      "mean": 0.0,
      "n": 55,
      "configured_maxlen": 15,
      "peak_within_maxlen": true,
      "q4_mean": 0.0,
      "q4_mean_within_half": true
    }
  },
  "rss": {
    "sensor_preprocessor": {
      "pid": 1117799,
      "n": 44,
      "rss_mib_first": 108.58984375,
      "rss_mib_last": 107.234375,
      "rss_mib_min": 105.44140625,
      "rss_mib_max": 109.44140625,
      "q1_mean_mib": 107.39240056818181,
      "q4_mean_mib": 107.33061079545455,
      "slope_mib_per_min": -0.31062242956141073,
      "slope_ok": true,
      "quartile_ok": true,
      "pass": true
    },
    "semantic_segmenter": {
      "pid": 1117809,
      "n": 44,
      "rss_mib_first": 1900.16796875,
      "rss_mib_last": 1900.4140625,
      "rss_mib_min": 1900.16796875,
      "rss_mib_max": 1900.46484375,
      "q1_mean_mib": 1900.2908380681818,
      "q4_mean_mib": 1900.4485085227273,
      "slope_mib_per_min": 0.2716362083384793,
      "slope_ok": true,
      "quartile_ok": true,
      "pass": true
    },
    "semantic_point_filter": {
      "pid": 1117811,
      "n": 44,
      "rss_mib_first": 77.05859375,
      "rss_mib_last": 88.11328125,
      "rss_mib_min": 73.46875,
      "rss_mib_max": 90.73046875,
      "q1_mean_mib": 81.9034090909091,
      "q4_mean_mib": 80.66228693181819,
      "slope_mib_per_min": -2.527540213997228,
      "slope_ok": true,
      "quartile_ok": true,
      "pass": true
    },
    "luggage_detector": {
      "pid": 1117807,
      "n": 44,
      "rss_mib_first": 149.9140625,
      "rss_mib_last": 171.21484375,
      "rss_mib_min": 101.83984375,
      "rss_mib_max": 198.03515625,
      "q1_mean_mib": 151.6622869318182,
      "q4_mean_mib": 161.2872869318182,
      "slope_mib_per_min": 10.99960353724323,
      "slope_ok": false,
      "quartile_ok": true,
      "pass": false
    }
  },
  "maxlens": {
    "detector.raw_buffer_maxlen": 15,
    "filter.buffer_maxlen": 15
  }
}
