{
  "mode": "semantic",
  "trials_requested": 6,
  "spawn_failures": 0,
  "stale_instance_frames": 0,
  "warmup_frames_config": 30,
  "gap_sec": 2.0,
  "launch_params": "diag gc-tail v2 healthy stack",
  "revision": {
    "git_commit": "11579165d55597ccd845bcd0a2b9aabc206c3bbb",
    "git_dirty_files": 0
  },
  "active_output_hz": 23.018524142119624,
  "trial_cycle_hz": 0.14528622897726842,
  "trial_cycle_sec_mean": 6.882964800170157,
  "matrix_coverage": {
    "sizes": [
      [
        0.55,
        0.4,
        0.25
      ],
      [
        0.7,
        0.45,
        0.28
      ],
      [
        0.8,
        0.5,
        0.32
      ]
    ],
    "n_sizes": 3,
    "trials_per_size": {
      "0.55x0.4x0.25": 2,
      "0.7x0.45x0.28": 2,
      "0.8x0.5x0.32": 2
    },
    "xy_offsets": [
      [
        -1.11,
        0.11
      ],
      [
        -1.03,
        0.02
      ],
      [
        -0.99,
        0.03
      ],
      [
        -0.96,
        -0.03
      ],
      [
        -0.96,
        -0.02
      ],
      [
        -0.9,
        0.09
      ]
    ],
    "n_xy_offsets": 6,
    "yaw_deg": [
      -28.0,
      -19.0,
      7.0,
      13.0,
      24.0,
      29.0
    ],
    "n_yaws": 6,
    "n_trials": 6
  },
  "n_settled": 205,
  "categories": {
    "warmup_frames": 180,
    "settled_frames": 205,
    "top_only": 0,
    "full3d": 200,
    "prior": 5,
    "failed": 0
  },
  "top_surface_rate": 1.0,
  "full3d_rate": 0.975609756097561,
  "top_z_err_m": {
    "count": 205,
    "p50": 0.0035858429328918806,
    "p95": 0.0090524675880308,
    "max": 0.0090524675880308
  },
  "support_z_err_m": {
    "count": 200,
    "p50": 1.2121962058686542e-05,
    "p95": 2.216312625680228e-05,
    "max": 2.216312625680228e-05
  },
  "height_err_m": {
    "count": 200,
    "p50": 0.003567611522677594,
    "p95": 0.009044029099490647,
    "max": 0.009044029099490647
  },
  "xy_err_m": {
    "count": 205,
    "p50": 0.006427338929481304,
    "p95": 0.014513417031261357,
    "max": 0.014513417031261357
  },
  "width_err_m": {
    "count": 205,
    "p50": 0.0016504374199216576,
    "p95": 0.01565073695732966,
    "max": 0.01565073695732966
  },
  "depth_err_m": {
    "count": 205,
    "p50": 0.004447970905703036,
    "p95": 0.030470318123086204,
    "max": 0.030470318123086315
  },
  "false_measured_height": 0,
  "limits": {
    "top_surface_rate": 0.95,
    "full3d_rate": 0.95,
    "top_z_p95_m": 0.015,
    "top_z_max_m": 0.025,
    "support_z_p95_m": 0.015,
    "support_z_max_m": 0.025,
    "height_p95_m": 0.025,
    "height_max_m": 0.04,
    "xy_p95_m": 0.03,
    "width_depth_p95_m": 0.05,
    "false_measured_height": 0
  },
  "require_full_geometry": true,
  "gate4_failures": [],
  "gate4_pass": true,
  "coverage_failures": []
}
