{
  "mode": "semantic",
  "trials_requested": 6,
  "spawn_failures": 0,
  "stale_instance_frames": 2,
  "warmup_frames_config": 5,
  "gap_sec": 2.0,
  "launch_params": "diag run against warmed sim",
  "revision": {
    "git_commit": "2198f30f9767ee6d2002fa83ae15d4aae0e46ff9",
    "git_dirty_files": 0
  },
  "active_output_hz": 21.926125822229675,
  "trial_cycle_hz": 0.14513901049433012,
  "trial_cycle_sec_mean": 6.889946380329396,
  "matrix_coverage": {
    "sizes": [
      [
        0.55,
        0.4,
        0.25
      ],
      [
        0.7,
        0.45,
        0.28
      ],
      [
        0.8,
        0.5,
        0.32
      ]
    ],
    "n_sizes": 3,
    "trials_per_size": {
      "0.55x0.4x0.25": 2,
      "0.7x0.45x0.28": 2,
      "0.8x0.5x0.32": 2
    },
    "xy_offsets": [
      [
        -1.12,
        -0.04
      ],
      [
        -1.12,
        0.08
      ],
      [
        -1.08,
        -0.06
      ],
      [
        -1.07,
        0.05
      ],
      [
        -0.93,
        -0.05
      ],
      [
        -0.92,
        0.04
      ]
    ],
    "n_xy_offsets": 6,
    "yaw_deg": [
      -4.0,
      2.0,
      16.0,
      25.0,
      27.0,
      30.0
    ],
    "n_yaws": 6,
    "n_trials": 6
  },
  "n_settled": 364,
  "categories": {
    "warmup_frames": 30,
    "settled_frames": 364,
    "top_only": 0,
    "full3d": 231,
    "prior": 24,
    "failed": 109
  },
  "top_surface_rate": 0.7005494505494505,
  "full3d_rate": 0.9058823529411765,
  "top_z_err_m": {
    "count": 255,
    "p50": 0.0035774284732574824,
    "p95": 0.00904145740225859,
    "max": 0.00904145740225859
  },
  "support_z_err_m": {
    "count": 231,
    "p50": 1.0981214039640363e-05,
    "p95": 1.789552819297935e-05,
    "max": 1.789552819297935e-05
  },
  "height_err_m": {
    "count": 231,
    "p50": 0.0035671431614123783,
    "p95": 0.009023561874065611,
    "max": 0.009023561874065611
  },
  "xy_err_m": {
    "count": 255,
    "p50": 0.006013214406804159,
    "p95": 0.006950498721200457,
    "max": 0.006952335128280936
  },
  "width_err_m": {
    "count": 255,
    "p50": 0.0012999813990242082,
    "p95": 0.031788412034434055,
    "max": 0.031788412034434055
  },
  "depth_err_m": {
    "count": 255,
    "p50": 0.004191061874106117,
    "p95": 0.03784359865889253,
    "max": 0.037843598658892585
  },
  "false_measured_height": 0,
  "limits": {
    "top_surface_rate": 0.95,
    "full3d_rate": 0.95,
    "top_z_p95_m": 0.015,
    "top_z_max_m": 0.025,
    "support_z_p95_m": 0.015,
    "support_z_max_m": 0.025,
    "height_p95_m": 0.025,
    "height_max_m": 0.04,
    "xy_p95_m": 0.03,
    "width_depth_p95_m": 0.05,
    "false_measured_height": 0
  },
  "require_full_geometry": true,
  "gate4_failures": [
    "top_surface_rate 0.701 < 0.950",
    "full3d_rate 0.906 < 0.950"
  ],
  "gate4_pass": false,
  "coverage_failures": []
}
